{"timestamp":"2026-08-28T18:13:47.957310","level":"info","event":"DAG bundles loaded: dags-folder","logger":"airflow.dag_processing.bundles.manager.DagBundlesManager"}
{"timestamp":"2026-08-28T18:13:47.962315","level":"info","event":"Filling up the DagBag from /opt/airflow/dags/doordash_batch.py","logger":"airflow.models.dagbag.DagBag"}
{"timestamp":"2026-08-28T18:13:56.892217","level":"info","event":"Executing: ['USE WAREHOUSE DOORDASH_WH', \"COPY INTO DOORDASH.RAW.restaurants FROM @DOORDASH.RAW.DOORDASH_RAW_STAGE/restaurants/  ON_ERROR='CONTINUE'\", \"COPY INTO DOORDASH.RAW.users       FROM @DOORDASH.RAW.DOORDASH_RAW_STAGE/users/        ON_ERROR='CONTINUE'\", \"COPY INTO DOORDASH.RAW.food        FROM @DOORDASH.RAW.DOORDASH_RAW_STAGE/food/         ON_ERROR='CONTINUE'\", \"COPY INTO DOORDASH.RAW.menu        FROM @DOORDASH.RAW.DOORDASH_RAW_STAGE/menu/         ON_ERROR='CONTINUE'\", 'COPY INTO DOORDASH.RAW.orders      FROM @DOORDASH.RAW.DOORDASH_RAW_STAGE/orders/', 'COPY INTO DOORDASH.RAW.order_items FROM @DOORDASH.RAW.DOORDASH_RAW_STAGE/order_items/', 'COPY INTO DOORDASH.RAW.reviews     FROM @DOORDASH.RAW.DOORDASH_RAW_STAGE/reviews/']","logger":"airflow.task.operators.airflow.providers.common.sql.operators.sql.SQLExecuteQueryOperator"}
{"timestamp":"2026-08-28T18:13:56.914044","level":"warning","event":"empty cryptography key - values will not be stored encrypted.","logger":"airflow.models.crypto"}
{"timestamp":"2026-08-28T18:13:56.916862","level":"info","event":"Connection Retrieved 'snowflake_default'","logger":"airflow.hooks.base"}
{"timestamp":"2026-08-28T18:14:04.932473","level":"info","event":"Connection Retrieved 'snowflake_default'","logger":"airflow.hooks.base"}
{"timestamp":"2026-08-28T18:14:04.933231","level":"info","event":"Snowflake Connector for Python Version: 3.16.0, Python Version: 3.12.11, Platform: Linux-5.15.167.4-microsoft-standard-WSL2-x86_64-with-glibc2.36","logger":"snowflake.connector.connection"}
{"timestamp":"2026-08-28T18:14:04.933847","level":"info","event":"Connecting to GLOBAL Snowflake domain","logger":"snowflake.connector.connection"}
{"timestamp":"2026-08-28T18:14:10.398222","level":"info","event":"Running statement: USE WAREHOUSE DOORDASH_WH, parameters: None","logger":"airflow.task.hooks.airflow.providers.snowflake.hooks.snowflake.SnowflakeHook"}
{"timestamp":"2026-08-28T18:14:10.398508","level":"info","event":"Running statement: USE WAREHOUSE DOORDASH_WH, parameters: None","logger":"airflow.task.hooks.airflow.providers.snowflake.hooks.snowflake.SnowflakeHook"}
{"timestamp":"2026-08-28T18:14:10.537051","level":"info","event":"Rows affected: 1","logger":"airflow.task.hooks.airflow.providers.snowflake.hooks.snowflake.SnowflakeHook"}
{"timestamp":"2026-08-28T18:14:10.538095","level":"info","event":"Rows affected: 1","logger":"airflow.task.hooks.airflow.providers.snowflake.hooks.snowflake.SnowflakeHook"}
{"timestamp":"2026-08-28T18:14:10.538340","level":"info","event":"Snowflake query id: 01c6b266-0307-be6b-0010-2f760006230a","logger":"airflow.task.hooks.airflow.providers.snowflake.hooks.snowflake.SnowflakeHook"}
{"timestamp":"2026-08-28T18:14:10.538461","level":"info","event":"Running statement: COPY INTO DOORDASH.RAW.restaurants FROM @DOORDASH.RAW.DOORDASH_RAW_STAGE/restaurants/  ON_ERROR='CONTINUE', parameters: None","logger":"airflow.task.hooks.airflow.providers.snowflake.hooks.snowflake.SnowflakeHook"}
{"timestamp":"2026-08-28T18:14:10.538552","level":"info","event":"Running statement: COPY INTO DOORDASH.RAW.restaurants FROM @DOORDASH.RAW.DOORDASH_RAW_STAGE/restaurants/  ON_ERROR='CONTINUE', parameters: None","logger":"airflow.task.hooks.airflow.providers.snowflake.hooks.snowflake.SnowflakeHook"}
{"timestamp":"2026-08-28T18:14:12.241215","level":"info","event":"Rows affected: 1","logger":"airflow.task.hooks.airflow.providers.snowflake.hooks.snowflake.SnowflakeHook"}
{"timestamp":"2026-08-28T18:14:12.241618","level":"info","event":"Rows affected: 1","logger":"airflow.task.hooks.airflow.providers.snowflake.hooks.snowflake.SnowflakeHook"}
{"timestamp":"2026-08-28T18:14:12.241834","level":"info","event":"Snowflake query id: 01c6b266-0307-be6b-0010-2f760006230e","logger":"airflow.task.hooks.airflow.providers.snowflake.hooks.snowflake.SnowflakeHook"}
{"timestamp":"2026-08-28T18:14:12.241971","level":"info","event":"Running statement: COPY INTO DOORDASH.RAW.users       FROM @DOORDASH.RAW.DOORDASH_RAW_STAGE/users/        ON_ERROR='CONTINUE', parameters: None","logger":"airflow.task.hooks.airflow.providers.snowflake.hooks.snowflake.SnowflakeHook"}
{"timestamp":"2026-08-28T18:14:12.242068","level":"info","event":"Running statement: COPY INTO DOORDASH.RAW.users       FROM @DOORDASH.RAW.DOORDASH_RAW_STAGE/users/        ON_ERROR='CONTINUE', parameters: None","logger":"airflow.task.hooks.airflow.providers.snowflake.hooks.snowflake.SnowflakeHook"}
{"timestamp":"2026-08-28T18:14:13.981880","level":"info","event":"Rows affected: 1","logger":"airflow.task.hooks.airflow.providers.snowflake.hooks.snowflake.SnowflakeHook"}
{"timestamp":"2026-08-28T18:14:13.982271","level":"info","event":"Rows affected: 1","logger":"airflow.task.hooks.airflow.providers.snowflake.hooks.snowflake.SnowflakeHook"}
{"timestamp":"2026-08-28T18:14:13.982382","level":"info","event":"Snowflake query id: 01c6b266-0307-beaa-0010-2f7600073a0a","logger":"airflow.task.hooks.airflow.providers.snowflake.hooks.snowflake.SnowflakeHook"}
{"timestamp":"2026-08-28T18:14:13.982462","level":"info","event":"Running statement: COPY INTO DOORDASH.RAW.food        FROM @DOORDASH.RAW.DOORDASH_RAW_STAGE/food/         ON_ERROR='CONTINUE', parameters: None","logger":"airflow.task.hooks.airflow.providers.snowflake.hooks.snowflake.SnowflakeHook"}
{"timestamp":"2026-08-28T18:14:13.982534","level":"info","event":"Running statement: COPY INTO DOORDASH.RAW.food        FROM @DOORDASH.RAW.DOORDASH_RAW_STAGE/food/         ON_ERROR='CONTINUE', parameters: None","logger":"airflow.task.hooks.airflow.providers.snowflake.hooks.snowflake.SnowflakeHook"}
{"timestamp":"2026-08-28T18:14:15.517091","level":"info","event":"Rows affected: 1","logger":"airflow.task.hooks.airflow.providers.snowflake.hooks.snowflake.SnowflakeHook"}
{"timestamp":"2026-08-28T18:14:15.517569","level":"info","event":"Rows affected: 1","logger":"airflow.task.hooks.airflow.providers.snowflake.hooks.snowflake.SnowflakeHook"}
{"timestamp":"2026-08-28T18:14:15.517693","level":"info","event":"Snowflake query id: 01c6b266-0307-bec5-0010-2f76000693ce","logger":"airflow.task.hooks.airflow.providers.snowflake.hooks.snowflake.SnowflakeHook"}
{"timestamp":"2026-08-28T18:14:15.517843","level":"info","event":"Running statement: COPY INTO DOORDASH.RAW.menu        FROM @DOORDASH.RAW.DOORDASH_RAW_STAGE/menu/         ON_ERROR='CONTINUE', parameters: None","logger":"airflow.task.hooks.airflow.providers.snowflake.hooks.snowflake.SnowflakeHook"}
{"timestamp":"2026-08-28T18:14:15.517956","level":"info","event":"Running statement: COPY INTO DOORDASH.RAW.menu        FROM @DOORDASH.RAW.DOORDASH_RAW_STAGE/menu/         ON_ERROR='CONTINUE', parameters: None","logger":"airflow.task.hooks.airflow.providers.snowflake.hooks.snowflake.SnowflakeHook"}
{"timestamp":"2026-08-28T18:14:16.147847","level":"info","event":"Rows affected: 1","logger":"airflow.task.hooks.airflow.providers.snowflake.hooks.snowflake.SnowflakeHook"}
{"timestamp":"2026-08-28T18:14:16.148162","level":"info","event":"Rows affected: 1","logger":"airflow.task.hooks.airflow.providers.snowflake.hooks.snowflake.SnowflakeHook"}
{"timestamp":"2026-08-28T18:14:16.148269","level":"info","event":"Snowflake query id: 01c6b266-0307-be70-0010-2f760006136a","logger":"airflow.task.hooks.airflow.providers.snowflake.hooks.snowflake.SnowflakeHook"}
{"timestamp":"2026-08-28T18:14:16.148348","level":"info","event":"Running statement: COPY INTO DOORDASH.RAW.orders      FROM @DOORDASH.RAW.DOORDASH_RAW_STAGE/orders/, parameters: None","logger":"airflow.task.hooks.airflow.providers.snowflake.hooks.snowflake.SnowflakeHook"}
{"timestamp":"2026-08-28T18:14:16.148415","level":"info","event":"Running statement: COPY INTO DOORDASH.RAW.orders      FROM @DOORDASH.RAW.DOORDASH_RAW_STAGE/orders/, parameters: None","logger":"airflow.task.hooks.airflow.providers.snowflake.hooks.snowflake.SnowflakeHook"}
{"timestamp":"2026-08-28T18:14:17.358091","level":"info","event":"Rows affected: 1","logger":"airflow.task.hooks.airflow.providers.snowflake.hooks.snowflake.SnowflakeHook"}
{"timestamp":"2026-08-28T18:14:17.358441","level":"info","event":"Rows affected: 1","logger":"airflow.task.hooks.airflow.providers.snowflake.hooks.snowflake.SnowflakeHook"}
{"timestamp":"2026-08-28T18:14:17.358579","level":"info","event":"Snowflake query id: 01c6b266-0307-be67-0010-2f760006537a","logger":"airflow.task.hooks.airflow.providers.snowflake.hooks.snowflake.SnowflakeHook"}
{"timestamp":"2026-08-28T18:14:17.358713","level":"info","event":"Running statement: COPY INTO DOORDASH.RAW.order_items FROM @DOORDASH.RAW.DOORDASH_RAW_STAGE/order_items/, parameters: None","logger":"airflow.task.hooks.airflow.providers.snowflake.hooks.snowflake.SnowflakeHook"}
{"timestamp":"2026-08-28T18:14:17.358874","level":"info","event":"Running statement: COPY INTO DOORDASH.RAW.order_items FROM @DOORDASH.RAW.DOORDASH_RAW_STAGE/order_items/, parameters: None","logger":"airflow.task.hooks.airflow.providers.snowflake.hooks.snowflake.SnowflakeHook"}
{"timestamp":"2026-08-28T18:14:18.588245","level":"info","event":"Rows affected: 1","logger":"airflow.task.hooks.airflow.providers.snowflake.hooks.snowflake.SnowflakeHook"}
{"timestamp":"2026-08-28T18:14:18.588752","level":"info","event":"Rows affected: 1","logger":"airflow.task.hooks.airflow.providers.snowflake.hooks.snowflake.SnowflakeHook"}
{"timestamp":"2026-08-28T18:14:18.588936","level":"info","event":"Snowflake query id: 01c6b266-0307-be6b-0010-2f7600062316","logger":"airflow.task.hooks.airflow.providers.snowflake.hooks.snowflake.SnowflakeHook"}
{"timestamp":"2026-08-28T18:14:18.589068","level":"info","event":"Running statement: COPY INTO DOORDASH.RAW.reviews     FROM @DOORDASH.RAW.DOORDASH_RAW_STAGE/reviews/, parameters: None","logger":"airflow.task.hooks.airflow.providers.snowflake.hooks.snowflake.SnowflakeHook"}
{"timestamp":"2026-08-28T18:14:18.589190","level":"info","event":"Running statement: COPY INTO DOORDASH.RAW.reviews     FROM @DOORDASH.RAW.DOORDASH_RAW_STAGE/reviews/, parameters: None","logger":"airflow.task.hooks.airflow.providers.snowflake.hooks.snowflake.SnowflakeHook"}
{"timestamp":"2026-08-28T18:14:19.201654","level":"info","event":"Rows affected: 1","logger":"airflow.task.hooks.airflow.providers.snowflake.hooks.snowflake.SnowflakeHook"}
{"timestamp":"2026-08-28T18:14:19.202000","level":"info","event":"Rows affected: 1","logger":"airflow.task.hooks.airflow.providers.snowflake.hooks.snowflake.SnowflakeHook"}
{"timestamp":"2026-08-28T18:14:19.202107","level":"info","event":"Snowflake query id: 01c6b266-0307-be5f-0010-2f760006c9ea","logger":"airflow.task.hooks.airflow.providers.snowflake.hooks.snowflake.SnowflakeHook"}
{"timestamp":"2026-08-28T18:14:19.424765","level":"info","event":"result: [[('Statement executed successfully.',)], [('Copy executed with 0 files processed.',)], [('Copy executed with 0 files processed.',)], [('Copy executed with 0 files processed.',)], [('Copy executed with 0 files processed.',)], [('Copy executed with 0 files processed.',)], [('Copy executed with 0 files processed.',)], [('Copy executed with 0 files processed.',)]]","logger":"airflow.task.operators.airflow.providers.common.sql.operators.sql.SQLExecuteQueryOperator"}
{"timestamp":"2026-08-28T18:14:19.425341","level":"info","event":"Pushing xcom","ti":"RuntimeTaskInstance(id=UUID('01a04993-e243-7a4a-a26d-3c1fa6daaf87'), task_id='reload_raw', dag_id='DOORDASH_batch', run_id='manual__2026-08-28T18:13:43.467016+00:00', try_number=1, map_index=-1, hostname='897e1bb77d4f', context_carrier=None, task=<Task(SQLExecuteQueryOperator): reload_raw>, bundle_instance=LocalDagBundle(name=dags-folder), max_tries=0, start_date=datetime.datetime(2026, 8, 28, 18, 13, 46, 187828, tzinfo=datetime.timezone.utc), end_date=None, state=<TaskInstanceState.RUNNING: 'running'>, is_mapped=False, rendered_map_index=None, log_url='http://localhost:8080/dags/DOORDASH_batch/runs/manual__2026-08-28T18%3A13%3A43.467016%2B00%3A00/tasks/reload_raw?try_number=1')","logger":"task"}
