{"timestamp":"2026-08-28T18:42:13.272321","level":"info","event":"DAG bundles loaded: dags-folder","logger":"airflow.dag_processing.bundles.manager.DagBundlesManager"}
{"timestamp":"2026-08-28T18:42:13.273209","level":"info","event":"Filling up the DagBag from /opt/airflow/dags/doordash_batch.py","logger":"airflow.models.dagbag.DagBag"}
{"timestamp":"2026-08-28T18:42:13.413694","level":"info","event":"Executing: ['USE WAREHOUSE DOORDASH_WH', \"COPY INTO DOORDASH.RAW.restaurants FROM @DOORDASH.RAW.DOORDASH_RAW_STAGE/restaurants/  ON_ERROR='CONTINUE'\", \"COPY INTO DOORDASH.RAW.users       FROM @DOORDASH.RAW.DOORDASH_RAW_STAGE/users/        ON_ERROR='CONTINUE'\", \"COPY INTO DOORDASH.RAW.food        FROM @DOORDASH.RAW.DOORDASH_RAW_STAGE/food/         ON_ERROR='CONTINUE'\", \"COPY INTO DOORDASH.RAW.menu        FROM @DOORDASH.RAW.DOORDASH_RAW_STAGE/menu/         ON_ERROR='CONTINUE'\", 'COPY INTO DOORDASH.RAW.orders      FROM @DOORDASH.RAW.DOORDASH_RAW_STAGE/orders/', 'COPY INTO DOORDASH.RAW.order_items FROM @DOORDASH.RAW.DOORDASH_RAW_STAGE/order_items/', 'COPY INTO DOORDASH.RAW.reviews     FROM @DOORDASH.RAW.DOORDASH_RAW_STAGE/reviews/']","logger":"airflow.task.operators.airflow.providers.common.sql.operators.sql.SQLExecuteQueryOperator"}
{"timestamp":"2026-08-28T18:42:13.419408","level":"warning","event":"empty cryptography key - values will not be stored encrypted.","logger":"airflow.models.crypto"}
{"timestamp":"2026-08-28T18:42:13.420504","level":"info","event":"Connection Retrieved 'snowflake_default'","logger":"airflow.hooks.base"}
{"timestamp":"2026-08-28T18:42:14.288873","level":"info","event":"Connection Retrieved 'snowflake_default'","logger":"airflow.hooks.base"}
{"timestamp":"2026-08-28T18:42:14.289506","level":"info","event":"Snowflake Connector for Python Version: 3.16.0, Python Version: 3.12.11, Platform: Linux-5.15.167.4-microsoft-standard-WSL2-x86_64-with-glibc2.36","logger":"snowflake.connector.connection"}
{"timestamp":"2026-08-28T18:42:14.290193","level":"info","event":"Connecting to GLOBAL Snowflake domain","logger":"snowflake.connector.connection"}
{"timestamp":"2026-08-28T18:42:16.110640","level":"info","event":"Running statement: USE WAREHOUSE DOORDASH_WH, parameters: None","logger":"airflow.task.hooks.airflow.providers.snowflake.hooks.snowflake.SnowflakeHook"}
{"timestamp":"2026-08-28T18:42:16.110863","level":"info","event":"Running statement: USE WAREHOUSE DOORDASH_WH, parameters: None","logger":"airflow.task.hooks.airflow.providers.snowflake.hooks.snowflake.SnowflakeHook"}
{"timestamp":"2026-08-28T18:42:16.410805","level":"info","event":"Rows affected: 1","logger":"airflow.task.hooks.airflow.providers.snowflake.hooks.snowflake.SnowflakeHook"}
{"timestamp":"2026-08-28T18:42:16.411479","level":"info","event":"Rows affected: 1","logger":"airflow.task.hooks.airflow.providers.snowflake.hooks.snowflake.SnowflakeHook"}
{"timestamp":"2026-08-28T18:42:16.411615","level":"info","event":"Snowflake query id: 01c6b282-0307-be70-0010-2f760006137e","logger":"airflow.task.hooks.airflow.providers.snowflake.hooks.snowflake.SnowflakeHook"}
{"timestamp":"2026-08-28T18:42:16.411697","level":"info","event":"Running statement: COPY INTO DOORDASH.RAW.restaurants FROM @DOORDASH.RAW.DOORDASH_RAW_STAGE/restaurants/  ON_ERROR='CONTINUE', parameters: None","logger":"airflow.task.hooks.airflow.providers.snowflake.hooks.snowflake.SnowflakeHook"}
{"timestamp":"2026-08-28T18:42:16.411768","level":"info","event":"Running statement: COPY INTO DOORDASH.RAW.restaurants FROM @DOORDASH.RAW.DOORDASH_RAW_STAGE/restaurants/  ON_ERROR='CONTINUE', parameters: None","logger":"airflow.task.hooks.airflow.providers.snowflake.hooks.snowflake.SnowflakeHook"}
{"timestamp":"2026-08-28T18:42:17.613710","level":"info","event":"Rows affected: 1","logger":"airflow.task.hooks.airflow.providers.snowflake.hooks.snowflake.SnowflakeHook"}
{"timestamp":"2026-08-28T18:42:17.614118","level":"info","event":"Rows affected: 1","logger":"airflow.task.hooks.airflow.providers.snowflake.hooks.snowflake.SnowflakeHook"}
{"timestamp":"2026-08-28T18:42:17.614217","level":"info","event":"Snowflake query id: 01c6b282-0307-be6b-0010-2f760006233a","logger":"airflow.task.hooks.airflow.providers.snowflake.hooks.snowflake.SnowflakeHook"}
{"timestamp":"2026-08-28T18:42:17.614368","level":"info","event":"Running statement: COPY INTO DOORDASH.RAW.users       FROM @DOORDASH.RAW.DOORDASH_RAW_STAGE/users/        ON_ERROR='CONTINUE', parameters: None","logger":"airflow.task.hooks.airflow.providers.snowflake.hooks.snowflake.SnowflakeHook"}
{"timestamp":"2026-08-28T18:42:17.614461","level":"info","event":"Running statement: COPY INTO DOORDASH.RAW.users       FROM @DOORDASH.RAW.DOORDASH_RAW_STAGE/users/        ON_ERROR='CONTINUE', parameters: None","logger":"airflow.task.hooks.airflow.providers.snowflake.hooks.snowflake.SnowflakeHook"}
{"timestamp":"2026-08-28T18:42:18.353859","level":"info","event":"Rows affected: 1","logger":"airflow.task.hooks.airflow.providers.snowflake.hooks.snowflake.SnowflakeHook"}
{"timestamp":"2026-08-28T18:42:18.354129","level":"info","event":"Rows affected: 1","logger":"airflow.task.hooks.airflow.providers.snowflake.hooks.snowflake.SnowflakeHook"}
{"timestamp":"2026-08-28T18:42:18.354211","level":"info","event":"Snowflake query id: 01c6b282-0307-be70-0010-2f7600061382","logger":"airflow.task.hooks.airflow.providers.snowflake.hooks.snowflake.SnowflakeHook"}
{"timestamp":"2026-08-28T18:42:18.354268","level":"info","event":"Running statement: COPY INTO DOORDASH.RAW.food        FROM @DOORDASH.RAW.DOORDASH_RAW_STAGE/food/         ON_ERROR='CONTINUE', parameters: None","logger":"airflow.task.hooks.airflow.providers.snowflake.hooks.snowflake.SnowflakeHook"}
{"timestamp":"2026-08-28T18:42:18.354317","level":"info","event":"Running statement: COPY INTO DOORDASH.RAW.food        FROM @DOORDASH.RAW.DOORDASH_RAW_STAGE/food/         ON_ERROR='CONTINUE', parameters: None","logger":"airflow.task.hooks.airflow.providers.snowflake.hooks.snowflake.SnowflakeHook"}
{"timestamp":"2026-08-28T18:42:19.378961","level":"info","event":"Rows affected: 1","logger":"airflow.task.hooks.airflow.providers.snowflake.hooks.snowflake.SnowflakeHook"}
{"timestamp":"2026-08-28T18:42:19.379348","level":"info","event":"Rows affected: 1","logger":"airflow.task.hooks.airflow.providers.snowflake.hooks.snowflake.SnowflakeHook"}
{"timestamp":"2026-08-28T18:42:19.379431","level":"info","event":"Snowflake query id: 01c6b282-0307-beaa-0010-2f7600073a26","logger":"airflow.task.hooks.airflow.providers.snowflake.hooks.snowflake.SnowflakeHook"}
{"timestamp":"2026-08-28T18:42:19.379492","level":"info","event":"Running statement: COPY INTO DOORDASH.RAW.menu        FROM @DOORDASH.RAW.DOORDASH_RAW_STAGE/menu/         ON_ERROR='CONTINUE', parameters: None","logger":"airflow.task.hooks.airflow.providers.snowflake.hooks.snowflake.SnowflakeHook"}
{"timestamp":"2026-08-28T18:42:19.379548","level":"info","event":"Running statement: COPY INTO DOORDASH.RAW.menu        FROM @DOORDASH.RAW.DOORDASH_RAW_STAGE/menu/         ON_ERROR='CONTINUE', parameters: None","logger":"airflow.task.hooks.airflow.providers.snowflake.hooks.snowflake.SnowflakeHook"}
{"timestamp":"2026-08-28T18:42:19.991390","level":"info","event":"Rows affected: 1","logger":"airflow.task.hooks.airflow.providers.snowflake.hooks.snowflake.SnowflakeHook"}
{"timestamp":"2026-08-28T18:42:19.991740","level":"info","event":"Rows affected: 1","logger":"airflow.task.hooks.airflow.providers.snowflake.hooks.snowflake.SnowflakeHook"}
{"timestamp":"2026-08-28T18:42:19.991818","level":"info","event":"Snowflake query id: 01c6b282-0307-be6b-0010-2f760006233e","logger":"airflow.task.hooks.airflow.providers.snowflake.hooks.snowflake.SnowflakeHook"}
{"timestamp":"2026-08-28T18:42:19.991874","level":"info","event":"Running statement: COPY INTO DOORDASH.RAW.orders      FROM @DOORDASH.RAW.DOORDASH_RAW_STAGE/orders/, parameters: None","logger":"airflow.task.hooks.airflow.providers.snowflake.hooks.snowflake.SnowflakeHook"}
{"timestamp":"2026-08-28T18:42:19.991925","level":"info","event":"Running statement: COPY INTO DOORDASH.RAW.orders      FROM @DOORDASH.RAW.DOORDASH_RAW_STAGE/orders/, parameters: None","logger":"airflow.task.hooks.airflow.providers.snowflake.hooks.snowflake.SnowflakeHook"}
{"timestamp":"2026-08-28T18:42:20.608539","level":"info","event":"Rows affected: 1","logger":"airflow.task.hooks.airflow.providers.snowflake.hooks.snowflake.SnowflakeHook"}
{"timestamp":"2026-08-28T18:42:20.608788","level":"info","event":"Rows affected: 1","logger":"airflow.task.hooks.airflow.providers.snowflake.hooks.snowflake.SnowflakeHook"}
{"timestamp":"2026-08-28T18:42:20.608863","level":"info","event":"Snowflake query id: 01c6b282-0307-beaa-0010-2f7600073a2a","logger":"airflow.task.hooks.airflow.providers.snowflake.hooks.snowflake.SnowflakeHook"}
{"timestamp":"2026-08-28T18:42:20.608916","level":"info","event":"Running statement: COPY INTO DOORDASH.RAW.order_items FROM @DOORDASH.RAW.DOORDASH_RAW_STAGE/order_items/, parameters: None","logger":"airflow.task.hooks.airflow.providers.snowflake.hooks.snowflake.SnowflakeHook"}
{"timestamp":"2026-08-28T18:42:20.608961","level":"info","event":"Running statement: COPY INTO DOORDASH.RAW.order_items FROM @DOORDASH.RAW.DOORDASH_RAW_STAGE/order_items/, parameters: None","logger":"airflow.task.hooks.airflow.providers.snowflake.hooks.snowflake.SnowflakeHook"}
{"timestamp":"2026-08-28T18:42:21.340428","level":"info","event":"Rows affected: 1","logger":"airflow.task.hooks.airflow.providers.snowflake.hooks.snowflake.SnowflakeHook"}
{"timestamp":"2026-08-28T18:42:21.340722","level":"info","event":"Rows affected: 1","logger":"airflow.task.hooks.airflow.providers.snowflake.hooks.snowflake.SnowflakeHook"}
{"timestamp":"2026-08-28T18:42:21.340799","level":"info","event":"Snowflake query id: 01c6b282-0307-be62-0010-2f760006f3ee","logger":"airflow.task.hooks.airflow.providers.snowflake.hooks.snowflake.SnowflakeHook"}
{"timestamp":"2026-08-28T18:42:21.340855","level":"info","event":"Running statement: COPY INTO DOORDASH.RAW.reviews     FROM @DOORDASH.RAW.DOORDASH_RAW_STAGE/reviews/, parameters: None","logger":"airflow.task.hooks.airflow.providers.snowflake.hooks.snowflake.SnowflakeHook"}
{"timestamp":"2026-08-28T18:42:21.340901","level":"info","event":"Running statement: COPY INTO DOORDASH.RAW.reviews     FROM @DOORDASH.RAW.DOORDASH_RAW_STAGE/reviews/, parameters: None","logger":"airflow.task.hooks.airflow.providers.snowflake.hooks.snowflake.SnowflakeHook"}
{"timestamp":"2026-08-28T18:42:21.937637","level":"info","event":"Rows affected: 1","logger":"airflow.task.hooks.airflow.providers.snowflake.hooks.snowflake.SnowflakeHook"}
{"timestamp":"2026-08-28T18:42:21.937914","level":"info","event":"Rows affected: 1","logger":"airflow.task.hooks.airflow.providers.snowflake.hooks.snowflake.SnowflakeHook"}
{"timestamp":"2026-08-28T18:42:21.937995","level":"info","event":"Snowflake query id: 01c6b282-0307-be6b-0010-2f7600062342","logger":"airflow.task.hooks.airflow.providers.snowflake.hooks.snowflake.SnowflakeHook"}
{"timestamp":"2026-08-28T18:42:24.085164","level":"info","event":"result: [[('Statement executed successfully.',)], [('Copy executed with 0 files processed.',)], [('Copy executed with 0 files processed.',)], [('Copy executed with 0 files processed.',)], [('Copy executed with 0 files processed.',)], [('Copy executed with 0 files processed.',)], [('Copy executed with 0 files processed.',)], [('Copy executed with 0 files processed.',)]]","logger":"airflow.task.operators.airflow.providers.common.sql.operators.sql.SQLExecuteQueryOperator"}
{"timestamp":"2026-08-28T18:42:24.085814","level":"info","event":"Pushing xcom","ti":"RuntimeTaskInstance(id=UUID('01a049ad-f450-71f3-b2fa-9d589429faa3'), task_id='reload_raw', dag_id='DOORDASH_batch', run_id='manual__2026-08-28T18:42:12.141951+00:00', try_number=1, map_index=-1, hostname='897e1bb77d4f', context_carrier=None, task=<Task(SQLExecuteQueryOperator): reload_raw>, bundle_instance=LocalDagBundle(name=dags-folder), max_tries=0, start_date=datetime.datetime(2026, 8, 28, 18, 42, 13, 173246, tzinfo=datetime.timezone.utc), end_date=None, state=<TaskInstanceState.RUNNING: 'running'>, is_mapped=False, rendered_map_index=None, log_url='http://localhost:8080/dags/DOORDASH_batch/runs/manual__2026-08-28T18%3A42%3A12.141951%2B00%3A00/tasks/reload_raw?try_number=1')","logger":"task"}
