{"timestamp":"2026-08-29T00:00:03.058565","level":"info","event":"DAG bundles loaded: dags-folder","logger":"airflow.dag_processing.bundles.manager.DagBundlesManager"}
{"timestamp":"2026-08-29T00:00:03.062137","level":"info","event":"Filling up the DagBag from /opt/airflow/dags/doordash_batch.py","logger":"airflow.models.dagbag.DagBag"}
{"timestamp":"2026-08-29T00:00:03.585697","level":"info","event":"Executing: ['USE WAREHOUSE DOORDASH_WH', \"COPY INTO DOORDASH.RAW.restaurants FROM @DOORDASH.RAW.DOORDASH_RAW_STAGE/restaurants/  ON_ERROR='CONTINUE'\", \"COPY INTO DOORDASH.RAW.users       FROM @DOORDASH.RAW.DOORDASH_RAW_STAGE/users/        ON_ERROR='CONTINUE'\", \"COPY INTO DOORDASH.RAW.food        FROM @DOORDASH.RAW.DOORDASH_RAW_STAGE/food/         ON_ERROR='CONTINUE'\", \"COPY INTO DOORDASH.RAW.menu        FROM @DOORDASH.RAW.DOORDASH_RAW_STAGE/menu/         ON_ERROR='CONTINUE'\", 'COPY INTO DOORDASH.RAW.orders      FROM @DOORDASH.RAW.DOORDASH_RAW_STAGE/orders/', 'COPY INTO DOORDASH.RAW.order_items FROM @DOORDASH.RAW.DOORDASH_RAW_STAGE/order_items/', 'COPY INTO DOORDASH.RAW.reviews     FROM @DOORDASH.RAW.DOORDASH_RAW_STAGE/reviews/']","logger":"airflow.task.operators.airflow.providers.common.sql.operators.sql.SQLExecuteQueryOperator"}
{"timestamp":"2026-08-29T00:00:03.626091","level":"warning","event":"empty cryptography key - values will not be stored encrypted.","logger":"airflow.models.crypto"}
{"timestamp":"2026-08-29T00:00:03.633010","level":"info","event":"Connection Retrieved 'snowflake_default'","logger":"airflow.hooks.base"}
{"timestamp":"2026-08-29T00:00:06.140507","level":"info","event":"Connection Retrieved 'snowflake_default'","logger":"airflow.hooks.base"}
{"timestamp":"2026-08-29T00:00:06.141119","level":"info","event":"Snowflake Connector for Python Version: 3.16.0, Python Version: 3.12.11, Platform: Linux-5.15.167.4-microsoft-standard-WSL2-x86_64-with-glibc2.36","logger":"snowflake.connector.connection"}
{"timestamp":"2026-08-29T00:00:06.141678","level":"info","event":"Connecting to GLOBAL Snowflake domain","logger":"snowflake.connector.connection"}
{"timestamp":"2026-08-29T00:00:10.837764","level":"info","event":"Running statement: USE WAREHOUSE DOORDASH_WH, parameters: None","logger":"airflow.task.hooks.airflow.providers.snowflake.hooks.snowflake.SnowflakeHook"}
{"timestamp":"2026-08-29T00:00:10.838108","level":"info","event":"Running statement: USE WAREHOUSE DOORDASH_WH, parameters: None","logger":"airflow.task.hooks.airflow.providers.snowflake.hooks.snowflake.SnowflakeHook"}
{"timestamp":"2026-08-29T00:00:11.359554","level":"info","event":"Rows affected: 1","logger":"airflow.task.hooks.airflow.providers.snowflake.hooks.snowflake.SnowflakeHook"}
{"timestamp":"2026-08-29T00:00:11.360477","level":"info","event":"Rows affected: 1","logger":"airflow.task.hooks.airflow.providers.snowflake.hooks.snowflake.SnowflakeHook"}
{"timestamp":"2026-08-29T00:00:11.360696","level":"info","event":"Snowflake query id: 01c6b3c0-0107-be70-0010-2f76000613a2","logger":"airflow.task.hooks.airflow.providers.snowflake.hooks.snowflake.SnowflakeHook"}
{"timestamp":"2026-08-29T00:00:11.361002","level":"info","event":"Running statement: COPY INTO DOORDASH.RAW.restaurants FROM @DOORDASH.RAW.DOORDASH_RAW_STAGE/restaurants/  ON_ERROR='CONTINUE', parameters: None","logger":"airflow.task.hooks.airflow.providers.snowflake.hooks.snowflake.SnowflakeHook"}
{"timestamp":"2026-08-29T00:00:11.361091","level":"info","event":"Running statement: COPY INTO DOORDASH.RAW.restaurants FROM @DOORDASH.RAW.DOORDASH_RAW_STAGE/restaurants/  ON_ERROR='CONTINUE', parameters: None","logger":"airflow.task.hooks.airflow.providers.snowflake.hooks.snowflake.SnowflakeHook"}
{"timestamp":"2026-08-29T00:00:13.548120","level":"info","event":"Rows affected: 1","logger":"airflow.task.hooks.airflow.providers.snowflake.hooks.snowflake.SnowflakeHook"}
{"timestamp":"2026-08-29T00:00:13.548404","level":"info","event":"Rows affected: 1","logger":"airflow.task.hooks.airflow.providers.snowflake.hooks.snowflake.SnowflakeHook"}
{"timestamp":"2026-08-29T00:00:13.548491","level":"info","event":"Snowflake query id: 01c6b3c0-0107-bec5-0010-2f760006940e","logger":"airflow.task.hooks.airflow.providers.snowflake.hooks.snowflake.SnowflakeHook"}
{"timestamp":"2026-08-29T00:00:13.548589","level":"info","event":"Running statement: COPY INTO DOORDASH.RAW.users       FROM @DOORDASH.RAW.DOORDASH_RAW_STAGE/users/        ON_ERROR='CONTINUE', parameters: None","logger":"airflow.task.hooks.airflow.providers.snowflake.hooks.snowflake.SnowflakeHook"}
{"timestamp":"2026-08-29T00:00:13.548678","level":"info","event":"Running statement: COPY INTO DOORDASH.RAW.users       FROM @DOORDASH.RAW.DOORDASH_RAW_STAGE/users/        ON_ERROR='CONTINUE', parameters: None","logger":"airflow.task.hooks.airflow.providers.snowflake.hooks.snowflake.SnowflakeHook"}
{"timestamp":"2026-08-29T00:00:15.333448","level":"info","event":"Rows affected: 1","logger":"airflow.task.hooks.airflow.providers.snowflake.hooks.snowflake.SnowflakeHook"}
{"timestamp":"2026-08-29T00:00:15.333972","level":"info","event":"Rows affected: 1","logger":"airflow.task.hooks.airflow.providers.snowflake.hooks.snowflake.SnowflakeHook"}
{"timestamp":"2026-08-29T00:00:15.334102","level":"info","event":"Snowflake query id: 01c6b3c0-0107-be67-0010-2f76000653d2","logger":"airflow.task.hooks.airflow.providers.snowflake.hooks.snowflake.SnowflakeHook"}
{"timestamp":"2026-08-29T00:00:15.334188","level":"info","event":"Running statement: COPY INTO DOORDASH.RAW.food        FROM @DOORDASH.RAW.DOORDASH_RAW_STAGE/food/         ON_ERROR='CONTINUE', parameters: None","logger":"airflow.task.hooks.airflow.providers.snowflake.hooks.snowflake.SnowflakeHook"}
{"timestamp":"2026-08-29T00:00:15.334300","level":"info","event":"Running statement: COPY INTO DOORDASH.RAW.food        FROM @DOORDASH.RAW.DOORDASH_RAW_STAGE/food/         ON_ERROR='CONTINUE', parameters: None","logger":"airflow.task.hooks.airflow.providers.snowflake.hooks.snowflake.SnowflakeHook"}
{"timestamp":"2026-08-29T00:00:17.542390","level":"info","event":"Rows affected: 1","logger":"airflow.task.hooks.airflow.providers.snowflake.hooks.snowflake.SnowflakeHook"}
{"timestamp":"2026-08-29T00:00:17.542795","level":"info","event":"Rows affected: 1","logger":"airflow.task.hooks.airflow.providers.snowflake.hooks.snowflake.SnowflakeHook"}
{"timestamp":"2026-08-29T00:00:17.542886","level":"info","event":"Snowflake query id: 01c6b3c0-0107-be5d-0010-2f760006e3b2","logger":"airflow.task.hooks.airflow.providers.snowflake.hooks.snowflake.SnowflakeHook"}
{"timestamp":"2026-08-29T00:00:17.542991","level":"info","event":"Running statement: COPY INTO DOORDASH.RAW.menu        FROM @DOORDASH.RAW.DOORDASH_RAW_STAGE/menu/         ON_ERROR='CONTINUE', parameters: None","logger":"airflow.task.hooks.airflow.providers.snowflake.hooks.snowflake.SnowflakeHook"}
{"timestamp":"2026-08-29T00:00:17.543060","level":"info","event":"Running statement: COPY INTO DOORDASH.RAW.menu        FROM @DOORDASH.RAW.DOORDASH_RAW_STAGE/menu/         ON_ERROR='CONTINUE', parameters: None","logger":"airflow.task.hooks.airflow.providers.snowflake.hooks.snowflake.SnowflakeHook"}
{"timestamp":"2026-08-29T00:00:18.717039","level":"info","event":"Rows affected: 1","logger":"airflow.task.hooks.airflow.providers.snowflake.hooks.snowflake.SnowflakeHook"}
{"timestamp":"2026-08-29T00:00:18.717461","level":"info","event":"Rows affected: 1","logger":"airflow.task.hooks.airflow.providers.snowflake.hooks.snowflake.SnowflakeHook"}
{"timestamp":"2026-08-29T00:00:18.717550","level":"info","event":"Snowflake query id: 01c6b3c0-0107-be5f-0010-2f760006ca56","logger":"airflow.task.hooks.airflow.providers.snowflake.hooks.snowflake.SnowflakeHook"}
{"timestamp":"2026-08-29T00:00:18.717615","level":"info","event":"Running statement: COPY INTO DOORDASH.RAW.orders      FROM @DOORDASH.RAW.DOORDASH_RAW_STAGE/orders/, parameters: None","logger":"airflow.task.hooks.airflow.providers.snowflake.hooks.snowflake.SnowflakeHook"}
{"timestamp":"2026-08-29T00:00:18.717678","level":"info","event":"Running statement: COPY INTO DOORDASH.RAW.orders      FROM @DOORDASH.RAW.DOORDASH_RAW_STAGE/orders/, parameters: None","logger":"airflow.task.hooks.airflow.providers.snowflake.hooks.snowflake.SnowflakeHook"}
{"timestamp":"2026-08-29T00:00:19.831325","level":"info","event":"Rows affected: 1","logger":"airflow.task.hooks.airflow.providers.snowflake.hooks.snowflake.SnowflakeHook"}
{"timestamp":"2026-08-29T00:00:19.831739","level":"info","event":"Rows affected: 1","logger":"airflow.task.hooks.airflow.providers.snowflake.hooks.snowflake.SnowflakeHook"}
{"timestamp":"2026-08-29T00:00:19.831826","level":"info","event":"Snowflake query id: 01c6b3c0-0107-be70-0010-2f76000613a6","logger":"airflow.task.hooks.airflow.providers.snowflake.hooks.snowflake.SnowflakeHook"}
{"timestamp":"2026-08-29T00:00:19.831916","level":"info","event":"Running statement: COPY INTO DOORDASH.RAW.order_items FROM @DOORDASH.RAW.DOORDASH_RAW_STAGE/order_items/, parameters: None","logger":"airflow.task.hooks.airflow.providers.snowflake.hooks.snowflake.SnowflakeHook"}
{"timestamp":"2026-08-29T00:00:19.832015","level":"info","event":"Running statement: COPY INTO DOORDASH.RAW.order_items FROM @DOORDASH.RAW.DOORDASH_RAW_STAGE/order_items/, parameters: None","logger":"airflow.task.hooks.airflow.providers.snowflake.hooks.snowflake.SnowflakeHook"}
{"timestamp":"2026-08-29T00:00:21.318158","level":"info","event":"Rows affected: 1","logger":"airflow.task.hooks.airflow.providers.snowflake.hooks.snowflake.SnowflakeHook"}
{"timestamp":"2026-08-29T00:00:21.318692","level":"info","event":"Rows affected: 1","logger":"airflow.task.hooks.airflow.providers.snowflake.hooks.snowflake.SnowflakeHook"}
{"timestamp":"2026-08-29T00:00:21.318806","level":"info","event":"Snowflake query id: 01c6b3c0-0107-be6b-0010-2f760006237e","logger":"airflow.task.hooks.airflow.providers.snowflake.hooks.snowflake.SnowflakeHook"}
{"timestamp":"2026-08-29T00:00:21.318901","level":"info","event":"Running statement: COPY INTO DOORDASH.RAW.reviews     FROM @DOORDASH.RAW.DOORDASH_RAW_STAGE/reviews/, parameters: None","logger":"airflow.task.hooks.airflow.providers.snowflake.hooks.snowflake.SnowflakeHook"}
{"timestamp":"2026-08-29T00:00:21.318997","level":"info","event":"Running statement: COPY INTO DOORDASH.RAW.reviews     FROM @DOORDASH.RAW.DOORDASH_RAW_STAGE/reviews/, parameters: None","logger":"airflow.task.hooks.airflow.providers.snowflake.hooks.snowflake.SnowflakeHook"}
{"timestamp":"2026-08-29T00:00:22.874594","level":"info","event":"Rows affected: 1","logger":"airflow.task.hooks.airflow.providers.snowflake.hooks.snowflake.SnowflakeHook"}
{"timestamp":"2026-08-29T00:00:22.874873","level":"info","event":"Rows affected: 1","logger":"airflow.task.hooks.airflow.providers.snowflake.hooks.snowflake.SnowflakeHook"}
{"timestamp":"2026-08-29T00:00:22.874990","level":"info","event":"Snowflake query id: 01c6b3c0-0107-be6a-0010-2f760006d3a2","logger":"airflow.task.hooks.airflow.providers.snowflake.hooks.snowflake.SnowflakeHook"}
{"timestamp":"2026-08-29T00:00:23.088895","level":"info","event":"result: [[('Statement executed successfully.',)], [('Copy executed with 0 files processed.',)], [('Copy executed with 0 files processed.',)], [('Copy executed with 0 files processed.',)], [('Copy executed with 0 files processed.',)], [('Copy executed with 0 files processed.',)], [('Copy executed with 0 files processed.',)], [('Copy executed with 0 files processed.',)]]","logger":"airflow.task.operators.airflow.providers.common.sql.operators.sql.SQLExecuteQueryOperator"}
{"timestamp":"2026-08-29T00:00:23.089517","level":"info","event":"Pushing xcom","ti":"RuntimeTaskInstance(id=UUID('01a04ad0-eade-739e-82f9-ee4024b2464b'), task_id='reload_raw', dag_id='DOORDASH_batch', run_id='scheduled__2026-08-29T00:00:00+00:00', try_number=1, map_index=-1, hostname='897e1bb77d4f', context_carrier=None, task=<Task(SQLExecuteQueryOperator): reload_raw>, bundle_instance=LocalDagBundle(name=dags-folder), max_tries=0, start_date=datetime.datetime(2026, 8, 29, 0, 0, 1, 765326, tzinfo=datetime.timezone.utc), end_date=None, state=<TaskInstanceState.RUNNING: 'running'>, is_mapped=False, rendered_map_index=None, log_url='http://localhost:8080/dags/DOORDASH_batch/runs/scheduled__2026-08-29T00%3A00%3A00%2B00%3A00/tasks/reload_raw?try_number=1')","logger":"task"}
