{"timestamp":"2026-08-28T18:45:23.125297","level":"info","event":"DAG bundles loaded: dags-folder","logger":"airflow.dag_processing.bundles.manager.DagBundlesManager"}
{"timestamp":"2026-08-28T18:45:23.125968","level":"info","event":"Filling up the DagBag from /opt/airflow/dags/doordash_batch.py","logger":"airflow.models.dagbag.DagBag"}
{"timestamp":"2026-08-28T18:45:23.210254","level":"info","event":"Tmp dir root location: /tmp","logger":"airflow.task.hooks.airflow.providers.standard.hooks.subprocess.SubprocessHook"}
{"timestamp":"2026-08-28T18:45:23.212840","level":"info","event":"Running command: ['/usr/bin/bash', '-c', '/opt/airflow/dbt_venv/bin/dbt build --exclude tag:ai --project-dir /opt/airflow/dbt/DOORDASH-PIPELINE --profiles-dir /opt/airflow/dbt/DOORDASH-PIPELINE']","logger":"airflow.task.hooks.airflow.providers.standard.hooks.subprocess.SubprocessHook"}
{"timestamp":"2026-08-28T18:45:23.231004","level":"info","event":"Output:","logger":"airflow.task.hooks.airflow.providers.standard.hooks.subprocess.SubprocessHook"}
{"timestamp":"2026-08-28T18:45:26.593318","level":"info","event":"\u001b[0m18:45:26  Running with dbt=1.12.3","logger":"airflow.task.hooks.airflow.providers.standard.hooks.subprocess.SubprocessHook"}
{"timestamp":"2026-08-28T18:45:28.423656","level":"info","event":"\u001b[0m18:45:28  Registered adapter: snowflake=1.8.4","logger":"airflow.task.hooks.airflow.providers.standard.hooks.subprocess.SubprocessHook"}
{"timestamp":"2026-08-28T18:45:28.662912","level":"info","event":"\u001b[0m18:45:28  Unable to do partial parsing because saved manifest not found. Starting full parse.","logger":"airflow.task.hooks.airflow.providers.standard.hooks.subprocess.SubprocessHook"}
{"timestamp":"2026-08-28T18:45:32.136961","level":"info","event":"\u001b[0m18:45:32  [\u001b[33mWARNING\u001b[0m]: Configuration paths exist in your dbt_project.yml file which do not apply to any resources.","logger":"airflow.task.hooks.airflow.providers.standard.hooks.subprocess.SubprocessHook"}
{"timestamp":"2026-08-28T18:45:32.137590","level":"info","event":"There are 1 unused configuration paths:","logger":"airflow.task.hooks.airflow.providers.standard.hooks.subprocess.SubprocessHook"}
{"timestamp":"2026-08-28T18:45:32.137822","level":"info","event":"- models.snapshots.doordash","logger":"airflow.task.hooks.airflow.providers.standard.hooks.subprocess.SubprocessHook"}
{"timestamp":"2026-08-28T18:45:32.594591","level":"info","event":"\u001b[0m18:45:32  Found 16 models, 16 data tests, 7 sources, 506 macros","logger":"airflow.task.hooks.airflow.providers.standard.hooks.subprocess.SubprocessHook"}
{"timestamp":"2026-08-28T18:45:32.600862","level":"info","event":"\u001b[0m18:45:32  [\u001b[33mWARNING\u001b[0m]: The selection criterion 'tag:ai' does not match any enabled nodes","logger":"airflow.task.hooks.airflow.providers.standard.hooks.subprocess.SubprocessHook"}
{"timestamp":"2026-08-28T18:45:32.606290","level":"info","event":"\u001b[0m18:45:32","logger":"airflow.task.hooks.airflow.providers.standard.hooks.subprocess.SubprocessHook"}
{"timestamp":"2026-08-28T18:45:32.607340","level":"info","event":"\u001b[0m18:45:32  Concurrency: 1 threads (target='dev')","logger":"airflow.task.hooks.airflow.providers.standard.hooks.subprocess.SubprocessHook"}
{"timestamp":"2026-08-28T18:45:32.608245","level":"info","event":"\u001b[0m18:45:32","logger":"airflow.task.hooks.airflow.providers.standard.hooks.subprocess.SubprocessHook"}
{"timestamp":"2026-08-28T18:45:41.331498","level":"info","event":"\u001b[0m18:45:41  1 of 32 START sql table model marts.dim_date ................................... [RUN]","logger":"airflow.task.hooks.airflow.providers.standard.hooks.subprocess.SubprocessHook"}
{"timestamp":"2026-08-28T18:45:52.432232","level":"info","event":"\u001b[0m18:45:52  1 of 32 OK created sql table model marts.dim_date .............................. [\u001b[32mSUCCESS 1\u001b[0m in 11.09s]","logger":"airflow.task.hooks.airflow.providers.standard.hooks.subprocess.SubprocessHook"}
{"timestamp":"2026-08-28T18:45:52.436073","level":"info","event":"\u001b[0m18:45:52  2 of 32 START sql view model staging.stg_food .................................. [RUN]","logger":"airflow.task.hooks.airflow.providers.standard.hooks.subprocess.SubprocessHook"}
{"timestamp":"2026-08-28T18:45:55.503835","level":"info","event":"\u001b[0m18:45:55  2 of 32 OK created sql view model staging.stg_food ............................. [\u001b[32mSUCCESS 1\u001b[0m in 3.06s]","logger":"airflow.task.hooks.airflow.providers.standard.hooks.subprocess.SubprocessHook"}
{"timestamp":"2026-08-28T18:45:55.507439","level":"info","event":"\u001b[0m18:45:55  3 of 32 START sql view model staging.stg_menu .................................. [RUN]","logger":"airflow.task.hooks.airflow.providers.standard.hooks.subprocess.SubprocessHook"}
{"timestamp":"2026-08-28T18:45:58.107231","level":"info","event":"\u001b[0m18:45:58  3 of 32 OK created sql view model staging.stg_menu ............................. [\u001b[32mSUCCESS 1\u001b[0m in 2.60s]","logger":"airflow.task.hooks.airflow.providers.standard.hooks.subprocess.SubprocessHook"}
{"timestamp":"2026-08-28T18:45:58.111020","level":"info","event":"\u001b[0m18:45:58  4 of 32 START sql view model staging.stg_order_items ........................... [RUN]","logger":"airflow.task.hooks.airflow.providers.standard.hooks.subprocess.SubprocessHook"}
{"timestamp":"2026-08-28T18:46:00.774252","level":"info","event":"\u001b[0m18:46:00  4 of 32 OK created sql view model staging.stg_order_items ...................... [\u001b[32mSUCCESS 1\u001b[0m in 2.66s]","logger":"airflow.task.hooks.airflow.providers.standard.hooks.subprocess.SubprocessHook"}
{"timestamp":"2026-08-28T18:46:00.778586","level":"info","event":"\u001b[0m18:46:00  5 of 32 START sql view model staging.stg_orders ................................ [RUN]","logger":"airflow.task.hooks.airflow.providers.standard.hooks.subprocess.SubprocessHook"}
{"timestamp":"2026-08-28T18:46:02.528496","level":"info","event":"\u001b[0m18:46:02  5 of 32 OK created sql view model staging.stg_orders ........................... [\u001b[32mSUCCESS 1\u001b[0m in 1.75s]","logger":"airflow.task.hooks.airflow.providers.standard.hooks.subprocess.SubprocessHook"}
{"timestamp":"2026-08-28T18:46:02.534643","level":"info","event":"\u001b[0m18:46:02  6 of 32 START sql view model staging.stg_restaurants ........................... [RUN]","logger":"airflow.task.hooks.airflow.providers.standard.hooks.subprocess.SubprocessHook"}
{"timestamp":"2026-08-28T18:46:04.459952","level":"info","event":"\u001b[0m18:46:04  6 of 32 OK created sql view model staging.stg_restaurants ...................... [\u001b[32mSUCCESS 1\u001b[0m in 1.92s]","logger":"airflow.task.hooks.airflow.providers.standard.hooks.subprocess.SubprocessHook"}
{"timestamp":"2026-08-28T18:46:04.464439","level":"info","event":"\u001b[0m18:46:04  7 of 32 START sql view model staging.stg_users ................................. [RUN]","logger":"airflow.task.hooks.airflow.providers.standard.hooks.subprocess.SubprocessHook"}
{"timestamp":"2026-08-28T18:46:06.715145","level":"info","event":"\u001b[0m18:46:06  7 of 32 OK created sql view model staging.stg_users ............................ [\u001b[32mSUCCESS 1\u001b[0m in 2.25s]","logger":"airflow.task.hooks.airflow.providers.standard.hooks.subprocess.SubprocessHook"}
{"timestamp":"2026-08-28T18:46:06.719652","level":"info","event":"\u001b[0m18:46:06  8 of 32 START sql table model marts.dim_food ................................... [RUN]","logger":"airflow.task.hooks.airflow.providers.standard.hooks.subprocess.SubprocessHook"}
{"timestamp":"2026-08-28T18:46:10.912987","level":"info","event":"\u001b[0m18:46:10  8 of 32 OK created sql table model marts.dim_food .............................. [\u001b[32mSUCCESS 1\u001b[0m in 4.19s]","logger":"airflow.task.hooks.airflow.providers.standard.hooks.subprocess.SubprocessHook"}
{"timestamp":"2026-08-28T18:46:10.916529","level":"info","event":"\u001b[0m18:46:10  9 of 32 START test not_null_stg_order_items_order_item_id ...................... [RUN]","logger":"airflow.task.hooks.airflow.providers.standard.hooks.subprocess.SubprocessHook"}
{"timestamp":"2026-08-28T18:46:12.939842","level":"info","event":"\u001b[0m18:46:12  9 of 32 PASS not_null_stg_order_items_order_item_id ............................ [\u001b[32mPASS\u001b[0m in 2.02s]","logger":"airflow.task.hooks.airflow.providers.standard.hooks.subprocess.SubprocessHook"}
{"timestamp":"2026-08-28T18:46:12.944749","level":"info","event":"\u001b[0m18:46:12  10 of 32 START test unique_stg_order_items_order_item_id ....................... [RUN]","logger":"airflow.task.hooks.airflow.providers.standard.hooks.subprocess.SubprocessHook"}
{"timestamp":"2026-08-28T18:46:15.226524","level":"info","event":"\u001b[0m18:46:15  10 of 32 PASS unique_stg_order_items_order_item_id ............................. [\u001b[32mPASS\u001b[0m in 2.28s]","logger":"airflow.task.hooks.airflow.providers.standard.hooks.subprocess.SubprocessHook"}
{"timestamp":"2026-08-28T18:46:15.230192","level":"info","event":"\u001b[0m18:46:15  11 of 32 START test not_null_stg_orders_customer_id ............................ [RUN]","logger":"airflow.task.hooks.airflow.providers.standard.hooks.subprocess.SubprocessHook"}
{"timestamp":"2026-08-28T18:46:16.772923","level":"info","event":"\u001b[0m18:46:16  11 of 32 PASS not_null_stg_orders_customer_id .................................. [\u001b[32mPASS\u001b[0m in 1.54s]","logger":"airflow.task.hooks.airflow.providers.standard.hooks.subprocess.SubprocessHook"}
{"timestamp":"2026-08-28T18:46:16.776436","level":"info","event":"\u001b[0m18:46:16  12 of 32 START test not_null_stg_orders_order_id ............................... [RUN]","logger":"airflow.task.hooks.airflow.providers.standard.hooks.subprocess.SubprocessHook"}
{"timestamp":"2026-08-28T18:46:18.510356","level":"info","event":"\u001b[0m18:46:18  12 of 32 PASS not_null_stg_orders_order_id ..................................... [\u001b[32mPASS\u001b[0m in 1.73s]","logger":"airflow.task.hooks.airflow.providers.standard.hooks.subprocess.SubprocessHook"}
{"timestamp":"2026-08-28T18:46:18.516079","level":"info","event":"\u001b[0m18:46:18  13 of 32 START test not_null_stg_orders_restaurant_id .......................... [RUN]","logger":"airflow.task.hooks.airflow.providers.standard.hooks.subprocess.SubprocessHook"}
{"timestamp":"2026-08-28T18:46:20.982380","level":"info","event":"\u001b[0m18:46:20  13 of 32 PASS not_null_stg_orders_restaurant_id ................................ [\u001b[32mPASS\u001b[0m in 2.46s]","logger":"airflow.task.hooks.airflow.providers.standard.hooks.subprocess.SubprocessHook"}
{"timestamp":"2026-08-28T18:46:20.986574","level":"info","event":"\u001b[0m18:46:20  14 of 32 START test unique_stg_orders_order_id ................................. [RUN]","logger":"airflow.task.hooks.airflow.providers.standard.hooks.subprocess.SubprocessHook"}
{"timestamp":"2026-08-28T18:46:23.143419","level":"info","event":"\u001b[0m18:46:23  14 of 32 PASS unique_stg_orders_order_id ....................................... [\u001b[32mPASS\u001b[0m in 2.16s]","logger":"airflow.task.hooks.airflow.providers.standard.hooks.subprocess.SubprocessHook"}
{"timestamp":"2026-08-28T18:46:23.147316","level":"info","event":"\u001b[0m18:46:23  15 of 32 START test not_null_stg_restaurants_restaurant_id ..................... [RUN]","logger":"airflow.task.hooks.airflow.providers.standard.hooks.subprocess.SubprocessHook"}
{"timestamp":"2026-08-28T18:46:24.821862","level":"info","event":"\u001b[0m18:46:24  15 of 32 PASS not_null_stg_restaurants_restaurant_id ........................... [\u001b[32mPASS\u001b[0m in 1.67s]","logger":"airflow.task.hooks.airflow.providers.standard.hooks.subprocess.SubprocessHook"}
{"timestamp":"2026-08-28T18:46:24.827302","level":"info","event":"\u001b[0m18:46:24  16 of 32 START test unique_stg_restaurants_restaurant_id ....................... [RUN]","logger":"airflow.task.hooks.airflow.providers.standard.hooks.subprocess.SubprocessHook"}
{"timestamp":"2026-08-28T18:46:26.012410","level":"info","event":"\u001b[0m18:46:26  16 of 32 PASS unique_stg_restaurants_restaurant_id ............................. [\u001b[32mPASS\u001b[0m in 1.18s]","logger":"airflow.task.hooks.airflow.providers.standard.hooks.subprocess.SubprocessHook"}
{"timestamp":"2026-08-28T18:46:26.016721","level":"info","event":"\u001b[0m18:46:26  17 of 32 START test not_null_stg_users_customer_id ............................. [RUN]","logger":"airflow.task.hooks.airflow.providers.standard.hooks.subprocess.SubprocessHook"}
{"timestamp":"2026-08-28T18:46:27.521885","level":"info","event":"\u001b[0m18:46:27  17 of 32 PASS not_null_stg_users_customer_id ................................... [\u001b[32mPASS\u001b[0m in 1.50s]","logger":"airflow.task.hooks.airflow.providers.standard.hooks.subprocess.SubprocessHook"}
{"timestamp":"2026-08-28T18:46:27.525230","level":"info","event":"\u001b[0m18:46:27  18 of 32 START test unique_stg_users_customer_id ............................... [RUN]","logger":"airflow.task.hooks.airflow.providers.standard.hooks.subprocess.SubprocessHook"}
{"timestamp":"2026-08-28T18:46:29.119840","level":"info","event":"\u001b[0m18:46:29  18 of 32 PASS unique_stg_users_customer_id ..................................... [\u001b[32mPASS\u001b[0m in 1.59s]","logger":"airflow.task.hooks.airflow.providers.standard.hooks.subprocess.SubprocessHook"}
{"timestamp":"2026-08-28T18:46:29.124257","level":"info","event":"\u001b[0m18:46:29  19 of 32 START sql incremental model marts.fact_order_items .................... [RUN]","logger":"airflow.task.hooks.airflow.providers.standard.hooks.subprocess.SubprocessHook"}
{"timestamp":"2026-08-28T18:46:34.143957","level":"info","event":"\u001b[0m18:46:34  19 of 32 OK created sql incremental model marts.fact_order_items ............... [\u001b[32mSUCCESS 0\u001b[0m in 5.02s]","logger":"airflow.task.hooks.airflow.providers.standard.hooks.subprocess.SubprocessHook"}
{"timestamp":"2026-08-28T18:46:34.148205","level":"info","event":"\u001b[0m18:46:34  20 of 32 START sql incremental model marts.fact_orders ......................... [RUN]","logger":"airflow.task.hooks.airflow.providers.standard.hooks.subprocess.SubprocessHook"}
{"timestamp":"2026-08-28T18:46:41.202594","level":"info","event":"\u001b[0m18:46:41  20 of 32 OK created sql incremental model marts.fact_orders .................... [\u001b[32mSUCCESS 0\u001b[0m in 7.05s]","logger":"airflow.task.hooks.airflow.providers.standard.hooks.subprocess.SubprocessHook"}
{"timestamp":"2026-08-28T18:46:41.207198","level":"info","event":"\u001b[0m18:46:41  21 of 32 START sql table model marts.dim_restaurants ........................... [RUN]","logger":"airflow.task.hooks.airflow.providers.standard.hooks.subprocess.SubprocessHook"}
{"timestamp":"2026-08-28T18:46:43.771264","level":"info","event":"\u001b[0m18:46:43  21 of 32 OK created sql table model marts.dim_restaurants ...................... [\u001b[32mSUCCESS 1\u001b[0m in 2.54s]","logger":"airflow.task.hooks.airflow.providers.standard.hooks.subprocess.SubprocessHook"}
{"timestamp":"2026-08-28T18:46:43.843624","level":"info","event":"\u001b[0m18:46:43  22 of 32 START sql view model staging.stg_reviews .............................. [RUN]","logger":"airflow.task.hooks.airflow.providers.standard.hooks.subprocess.SubprocessHook"}
{"timestamp":"2026-08-28T18:46:46.033280","level":"info","event":"\u001b[0m18:46:46  22 of 32 OK created sql view model staging.stg_reviews ......................... [\u001b[32mSUCCESS 1\u001b[0m in 2.17s]","logger":"airflow.task.hooks.airflow.providers.standard.hooks.subprocess.SubprocessHook"}
{"timestamp":"2026-08-28T18:46:46.037216","level":"info","event":"\u001b[0m18:46:46  23 of 32 START sql table model marts.dim_customer .............................. [RUN]","logger":"airflow.task.hooks.airflow.providers.standard.hooks.subprocess.SubprocessHook"}
{"timestamp":"2026-08-28T18:46:49.589409","level":"info","event":"\u001b[0m18:46:49  23 of 32 OK created sql table model marts.dim_customer ......................... [\u001b[32mSUCCESS 1\u001b[0m in 3.55s]","logger":"airflow.task.hooks.airflow.providers.standard.hooks.subprocess.SubprocessHook"}
{"timestamp":"2026-08-28T18:46:49.593244","level":"info","event":"\u001b[0m18:46:49  24 of 32 START test accepted_values_fact_orders_order_status__Delivered__Cancelled__Refunded  [RUN]","logger":"airflow.task.hooks.airflow.providers.standard.hooks.subprocess.SubprocessHook"}
{"timestamp":"2026-08-28T18:46:52.175144","level":"info","event":"\u001b[0m18:46:52  24 of 32 PASS accepted_values_fact_orders_order_status__Delivered__Cancelled__Refunded  [\u001b[32mPASS\u001b[0m in 2.58s]","logger":"airflow.task.hooks.airflow.providers.standard.hooks.subprocess.SubprocessHook"}
{"timestamp":"2026-08-28T18:46:52.178682","level":"info","event":"\u001b[0m18:46:52  25 of 32 START test not_null_fact_orders_order_id .............................. [RUN]","logger":"airflow.task.hooks.airflow.providers.standard.hooks.subprocess.SubprocessHook"}
{"timestamp":"2026-08-28T18:46:54.015922","level":"info","event":"\u001b[0m18:46:54  25 of 32 PASS not_null_fact_orders_order_id .................................... [\u001b[32mPASS\u001b[0m in 1.84s]","logger":"airflow.task.hooks.airflow.providers.standard.hooks.subprocess.SubprocessHook"}
{"timestamp":"2026-08-28T18:46:54.019600","level":"info","event":"\u001b[0m18:46:54  26 of 32 START test unique_fact_orders_order_id ................................ [RUN]","logger":"airflow.task.hooks.airflow.providers.standard.hooks.subprocess.SubprocessHook"}
{"timestamp":"2026-08-28T18:46:55.793883","level":"info","event":"\u001b[0m18:46:55  26 of 32 PASS unique_fact_orders_order_id ...................................... [\u001b[32mPASS\u001b[0m in 1.77s]","logger":"airflow.task.hooks.airflow.providers.standard.hooks.subprocess.SubprocessHook"}
{"timestamp":"2026-08-28T18:46:55.798871","level":"info","event":"\u001b[0m18:46:55  27 of 32 START test not_null_stg_reviews_review_id ............................. [RUN]","logger":"airflow.task.hooks.airflow.providers.standard.hooks.subprocess.SubprocessHook"}
{"timestamp":"2026-08-28T18:46:56.826850","level":"info","event":"\u001b[0m18:46:56  27 of 32 PASS not_null_stg_reviews_review_id ................................... [\u001b[32mPASS\u001b[0m in 1.03s]","logger":"airflow.task.hooks.airflow.providers.standard.hooks.subprocess.SubprocessHook"}
{"timestamp":"2026-08-28T18:46:56.830585","level":"info","event":"\u001b[0m18:46:56  28 of 32 START test unique_stg_reviews_review_id ............................... [RUN]","logger":"airflow.task.hooks.airflow.providers.standard.hooks.subprocess.SubprocessHook"}
{"timestamp":"2026-08-28T18:46:58.952903","level":"info","event":"\u001b[0m18:46:58  28 of 32 PASS unique_stg_reviews_review_id ..................................... [\u001b[32mPASS\u001b[0m in 2.12s]","logger":"airflow.task.hooks.airflow.providers.standard.hooks.subprocess.SubprocessHook"}
{"timestamp":"2026-08-28T18:46:58.956108","level":"info","event":"\u001b[0m18:46:58  29 of 32 START test relationships_fact_orders_customer_id__customer_id__ref_dim_customer_  [RUN]","logger":"airflow.task.hooks.airflow.providers.standard.hooks.subprocess.SubprocessHook"}
{"timestamp":"2026-08-28T18:47:01.010193","level":"info","event":"\u001b[0m18:47:01  29 of 32 PASS relationships_fact_orders_customer_id__customer_id__ref_dim_customer_  [\u001b[32mPASS\u001b[0m in 2.05s]","logger":"airflow.task.hooks.airflow.providers.standard.hooks.subprocess.SubprocessHook"}
{"timestamp":"2026-08-28T18:47:01.014228","level":"info","event":"\u001b[0m18:47:01  30 of 32 START sql table model marts.mart_daily_city_revenue ................... [RUN]","logger":"airflow.task.hooks.airflow.providers.standard.hooks.subprocess.SubprocessHook"}
{"timestamp":"2026-08-28T18:47:04.270534","level":"info","event":"\u001b[0m18:47:04  30 of 32 OK created sql table model marts.mart_daily_city_revenue .............. [\u001b[32mSUCCESS 1\u001b[0m in 3.25s]","logger":"airflow.task.hooks.airflow.providers.standard.hooks.subprocess.SubprocessHook"}
{"timestamp":"2026-08-28T18:47:04.274687","level":"info","event":"\u001b[0m18:47:04  31 of 32 START sql table model marts.mart_delivery_sla ......................... [RUN]","logger":"airflow.task.hooks.airflow.providers.standard.hooks.subprocess.SubprocessHook"}
{"timestamp":"2026-08-28T18:47:07.390811","level":"info","event":"\u001b[0m18:47:07  31 of 32 OK created sql table model marts.mart_delivery_sla .................... [\u001b[32mSUCCESS 1\u001b[0m in 3.11s]","logger":"airflow.task.hooks.airflow.providers.standard.hooks.subprocess.SubprocessHook"}
{"timestamp":"2026-08-28T18:47:07.394612","level":"info","event":"\u001b[0m18:47:07  32 of 32 START sql table model marts.mart_restaurants_performance .............. [RUN]","logger":"airflow.task.hooks.airflow.providers.standard.hooks.subprocess.SubprocessHook"}
{"timestamp":"2026-08-28T18:47:11.199139","level":"info","event":"\u001b[0m18:47:11  32 of 32 OK created sql table model marts.mart_restaurants_performance ......... [\u001b[32mSUCCESS 1\u001b[0m in 3.80s]","logger":"airflow.task.hooks.airflow.providers.standard.hooks.subprocess.SubprocessHook"}
{"timestamp":"2026-08-28T18:47:11.206314","level":"info","event":"\u001b[0m18:47:11","logger":"airflow.task.hooks.airflow.providers.standard.hooks.subprocess.SubprocessHook"}
{"timestamp":"2026-08-28T18:47:11.206917","level":"info","event":"\u001b[0m18:47:11  Finished running 2 incremental models, 7 table models, 16 data tests, 7 view models in 0 hours 1 minutes and 38.60 seconds (98.60s).","logger":"airflow.task.hooks.airflow.providers.standard.hooks.subprocess.SubprocessHook"}
{"timestamp":"2026-08-28T18:47:11.402517","level":"info","event":"\u001b[0m18:47:11","logger":"airflow.task.hooks.airflow.providers.standard.hooks.subprocess.SubprocessHook"}
{"timestamp":"2026-08-28T18:47:11.404026","level":"info","event":"\u001b[0m18:47:11  \u001b[32mCompleted successfully\u001b[0m","logger":"airflow.task.hooks.airflow.providers.standard.hooks.subprocess.SubprocessHook"}
{"timestamp":"2026-08-28T18:47:11.405237","level":"info","event":"\u001b[0m18:47:11","logger":"airflow.task.hooks.airflow.providers.standard.hooks.subprocess.SubprocessHook"}
{"timestamp":"2026-08-28T18:47:11.406255","level":"info","event":"\u001b[0m18:47:11  Done. PASS=32 WARN=0 ERROR=0 SKIP=0 NO-OP=0 REUSED=0 TOTAL=32","logger":"airflow.task.hooks.airflow.providers.standard.hooks.subprocess.SubprocessHook"}
{"timestamp":"2026-08-28T18:47:12.608479","level":"info","event":"Command exited with return code 0","logger":"airflow.task.hooks.airflow.providers.standard.hooks.subprocess.SubprocessHook"}
{"timestamp":"2026-08-28T18:47:12.610722","level":"info","event":"Pushing xcom","ti":"RuntimeTaskInstance(id=UUID('01a049b0-b18a-763e-a4a6-19239fef78f9'), task_id='dbt_build_core', dag_id='DOORDASH_batch', run_id='manual__2026-08-28T18:45:11.606066+00:00', try_number=1, map_index=-1, hostname='897e1bb77d4f', context_carrier=None, task=<Task(BashOperator): dbt_build_core>, bundle_instance=LocalDagBundle(name=dags-folder), max_tries=0, start_date=datetime.datetime(2026, 8, 28, 18, 45, 23, 30545, tzinfo=datetime.timezone.utc), end_date=None, state=<TaskInstanceState.RUNNING: 'running'>, is_mapped=False, rendered_map_index=None, log_url='http://localhost:8080/dags/DOORDASH_batch/runs/manual__2026-08-28T18%3A45%3A11.606066%2B00%3A00/tasks/dbt_build_core?try_number=1')","logger":"task"}
