{"timestamp":"2026-08-28T18:45:12.040982","level":"info","event":"DAG bundles loaded: dags-folder","logger":"airflow.dag_processing.bundles.manager.DagBundlesManager"}
{"timestamp":"2026-08-28T18:45:12.042045","level":"info","event":"Filling up the DagBag from /opt/airflow/dags/doordash_batch.py","logger":"airflow.models.dagbag.DagBag"}
{"timestamp":"2026-08-28T18:45:12.132727","level":"info","event":"Executing: ['USE WAREHOUSE DOORDASH_WH', \"COPY INTO DOORDASH.RAW.restaurants FROM @DOORDASH.RAW.DOORDASH_RAW_STAGE/restaurants/  ON_ERROR='CONTINUE'\", \"COPY INTO DOORDASH.RAW.users       FROM @DOORDASH.RAW.DOORDASH_RAW_STAGE/users/        ON_ERROR='CONTINUE'\", \"COPY INTO DOORDASH.RAW.food        FROM @DOORDASH.RAW.DOORDASH_RAW_STAGE/food/         ON_ERROR='CONTINUE'\", \"COPY INTO DOORDASH.RAW.menu        FROM @DOORDASH.RAW.DOORDASH_RAW_STAGE/menu/         ON_ERROR='CONTINUE'\", 'COPY INTO DOORDASH.RAW.orders      FROM @DOORDASH.RAW.DOORDASH_RAW_STAGE/orders/', 'COPY INTO DOORDASH.RAW.order_items FROM @DOORDASH.RAW.DOORDASH_RAW_STAGE/order_items/', 'COPY INTO DOORDASH.RAW.reviews     FROM @DOORDASH.RAW.DOORDASH_RAW_STAGE/reviews/']","logger":"airflow.task.operators.airflow.providers.common.sql.operators.sql.SQLExecuteQueryOperator"}
{"timestamp":"2026-08-28T18:45:12.137643","level":"warning","event":"empty cryptography key - values will not be stored encrypted.","logger":"airflow.models.crypto"}
{"timestamp":"2026-08-28T18:45:12.138532","level":"info","event":"Connection Retrieved 'snowflake_default'","logger":"airflow.hooks.base"}
{"timestamp":"2026-08-28T18:45:12.866945","level":"info","event":"Connection Retrieved 'snowflake_default'","logger":"airflow.hooks.base"}
{"timestamp":"2026-08-28T18:45:12.867614","level":"info","event":"Snowflake Connector for Python Version: 3.16.0, Python Version: 3.12.11, Platform: Linux-5.15.167.4-microsoft-standard-WSL2-x86_64-with-glibc2.36","logger":"snowflake.connector.connection"}
{"timestamp":"2026-08-28T18:45:12.868413","level":"info","event":"Connecting to GLOBAL Snowflake domain","logger":"snowflake.connector.connection"}
{"timestamp":"2026-08-28T18:45:14.894223","level":"info","event":"Running statement: USE WAREHOUSE DOORDASH_WH, parameters: None","logger":"airflow.task.hooks.airflow.providers.snowflake.hooks.snowflake.SnowflakeHook"}
{"timestamp":"2026-08-28T18:45:14.894398","level":"info","event":"Running statement: USE WAREHOUSE DOORDASH_WH, parameters: None","logger":"airflow.task.hooks.airflow.providers.snowflake.hooks.snowflake.SnowflakeHook"}
{"timestamp":"2026-08-28T18:45:15.176302","level":"info","event":"Rows affected: 1","logger":"airflow.task.hooks.airflow.providers.snowflake.hooks.snowflake.SnowflakeHook"}
{"timestamp":"2026-08-28T18:45:15.176633","level":"info","event":"Rows affected: 1","logger":"airflow.task.hooks.airflow.providers.snowflake.hooks.snowflake.SnowflakeHook"}
{"timestamp":"2026-08-28T18:45:15.176716","level":"info","event":"Snowflake query id: 01c6b285-0307-be5f-0010-2f760006ca22","logger":"airflow.task.hooks.airflow.providers.snowflake.hooks.snowflake.SnowflakeHook"}
{"timestamp":"2026-08-28T18:45:15.176776","level":"info","event":"Running statement: COPY INTO DOORDASH.RAW.restaurants FROM @DOORDASH.RAW.DOORDASH_RAW_STAGE/restaurants/  ON_ERROR='CONTINUE', parameters: None","logger":"airflow.task.hooks.airflow.providers.snowflake.hooks.snowflake.SnowflakeHook"}
{"timestamp":"2026-08-28T18:45:15.176827","level":"info","event":"Running statement: COPY INTO DOORDASH.RAW.restaurants FROM @DOORDASH.RAW.DOORDASH_RAW_STAGE/restaurants/  ON_ERROR='CONTINUE', parameters: None","logger":"airflow.task.hooks.airflow.providers.snowflake.hooks.snowflake.SnowflakeHook"}
{"timestamp":"2026-08-28T18:45:16.769449","level":"info","event":"Rows affected: 1","logger":"airflow.task.hooks.airflow.providers.snowflake.hooks.snowflake.SnowflakeHook"}
{"timestamp":"2026-08-28T18:45:16.770032","level":"info","event":"Rows affected: 1","logger":"airflow.task.hooks.airflow.providers.snowflake.hooks.snowflake.SnowflakeHook"}
{"timestamp":"2026-08-28T18:45:16.770136","level":"info","event":"Snowflake query id: 01c6b285-0307-be67-0010-2f760006539a","logger":"airflow.task.hooks.airflow.providers.snowflake.hooks.snowflake.SnowflakeHook"}
{"timestamp":"2026-08-28T18:45:16.770317","level":"info","event":"Running statement: COPY INTO DOORDASH.RAW.users       FROM @DOORDASH.RAW.DOORDASH_RAW_STAGE/users/        ON_ERROR='CONTINUE', parameters: None","logger":"airflow.task.hooks.airflow.providers.snowflake.hooks.snowflake.SnowflakeHook"}
{"timestamp":"2026-08-28T18:45:16.770430","level":"info","event":"Running statement: COPY INTO DOORDASH.RAW.users       FROM @DOORDASH.RAW.DOORDASH_RAW_STAGE/users/        ON_ERROR='CONTINUE', parameters: None","logger":"airflow.task.hooks.airflow.providers.snowflake.hooks.snowflake.SnowflakeHook"}
{"timestamp":"2026-08-28T18:45:17.663500","level":"info","event":"Rows affected: 1","logger":"airflow.task.hooks.airflow.providers.snowflake.hooks.snowflake.SnowflakeHook"}
{"timestamp":"2026-08-28T18:45:17.663763","level":"info","event":"Rows affected: 1","logger":"airflow.task.hooks.airflow.providers.snowflake.hooks.snowflake.SnowflakeHook"}
{"timestamp":"2026-08-28T18:45:17.663839","level":"info","event":"Snowflake query id: 01c6b285-0307-be6b-0010-2f7600062346","logger":"airflow.task.hooks.airflow.providers.snowflake.hooks.snowflake.SnowflakeHook"}
{"timestamp":"2026-08-28T18:45:17.663895","level":"info","event":"Running statement: COPY INTO DOORDASH.RAW.food        FROM @DOORDASH.RAW.DOORDASH_RAW_STAGE/food/         ON_ERROR='CONTINUE', parameters: None","logger":"airflow.task.hooks.airflow.providers.snowflake.hooks.snowflake.SnowflakeHook"}
{"timestamp":"2026-08-28T18:45:17.663945","level":"info","event":"Running statement: COPY INTO DOORDASH.RAW.food        FROM @DOORDASH.RAW.DOORDASH_RAW_STAGE/food/         ON_ERROR='CONTINUE', parameters: None","logger":"airflow.task.hooks.airflow.providers.snowflake.hooks.snowflake.SnowflakeHook"}
{"timestamp":"2026-08-28T18:45:18.782656","level":"info","event":"Rows affected: 1","logger":"airflow.task.hooks.airflow.providers.snowflake.hooks.snowflake.SnowflakeHook"}
{"timestamp":"2026-08-28T18:45:18.783380","level":"info","event":"Rows affected: 1","logger":"airflow.task.hooks.airflow.providers.snowflake.hooks.snowflake.SnowflakeHook"}
{"timestamp":"2026-08-28T18:45:18.783483","level":"info","event":"Snowflake query id: 01c6b285-0307-be6d-0010-2f760006a32a","logger":"airflow.task.hooks.airflow.providers.snowflake.hooks.snowflake.SnowflakeHook"}
{"timestamp":"2026-08-28T18:45:18.783554","level":"info","event":"Running statement: COPY INTO DOORDASH.RAW.menu        FROM @DOORDASH.RAW.DOORDASH_RAW_STAGE/menu/         ON_ERROR='CONTINUE', parameters: None","logger":"airflow.task.hooks.airflow.providers.snowflake.hooks.snowflake.SnowflakeHook"}
{"timestamp":"2026-08-28T18:45:18.783698","level":"info","event":"Running statement: COPY INTO DOORDASH.RAW.menu        FROM @DOORDASH.RAW.DOORDASH_RAW_STAGE/menu/         ON_ERROR='CONTINUE', parameters: None","logger":"airflow.task.hooks.airflow.providers.snowflake.hooks.snowflake.SnowflakeHook"}
{"timestamp":"2026-08-28T18:45:20.014837","level":"info","event":"Rows affected: 1","logger":"airflow.task.hooks.airflow.providers.snowflake.hooks.snowflake.SnowflakeHook"}
{"timestamp":"2026-08-28T18:45:20.015308","level":"info","event":"Rows affected: 1","logger":"airflow.task.hooks.airflow.providers.snowflake.hooks.snowflake.SnowflakeHook"}
{"timestamp":"2026-08-28T18:45:20.015429","level":"info","event":"Snowflake query id: 01c6b285-0307-be6a-0010-2f760006d376","logger":"airflow.task.hooks.airflow.providers.snowflake.hooks.snowflake.SnowflakeHook"}
{"timestamp":"2026-08-28T18:45:20.015537","level":"info","event":"Running statement: COPY INTO DOORDASH.RAW.orders      FROM @DOORDASH.RAW.DOORDASH_RAW_STAGE/orders/, parameters: None","logger":"airflow.task.hooks.airflow.providers.snowflake.hooks.snowflake.SnowflakeHook"}
{"timestamp":"2026-08-28T18:45:20.015626","level":"info","event":"Running statement: COPY INTO DOORDASH.RAW.orders      FROM @DOORDASH.RAW.DOORDASH_RAW_STAGE/orders/, parameters: None","logger":"airflow.task.hooks.airflow.providers.snowflake.hooks.snowflake.SnowflakeHook"}
{"timestamp":"2026-08-28T18:45:21.142497","level":"info","event":"Rows affected: 1","logger":"airflow.task.hooks.airflow.providers.snowflake.hooks.snowflake.SnowflakeHook"}
{"timestamp":"2026-08-28T18:45:21.142942","level":"info","event":"Rows affected: 1","logger":"airflow.task.hooks.airflow.providers.snowflake.hooks.snowflake.SnowflakeHook"}
{"timestamp":"2026-08-28T18:45:21.143025","level":"info","event":"Snowflake query id: 01c6b285-0307-beaa-0010-2f7600073a2e","logger":"airflow.task.hooks.airflow.providers.snowflake.hooks.snowflake.SnowflakeHook"}
{"timestamp":"2026-08-28T18:45:21.143095","level":"info","event":"Running statement: COPY INTO DOORDASH.RAW.order_items FROM @DOORDASH.RAW.DOORDASH_RAW_STAGE/order_items/, parameters: None","logger":"airflow.task.hooks.airflow.providers.snowflake.hooks.snowflake.SnowflakeHook"}
{"timestamp":"2026-08-28T18:45:21.143207","level":"info","event":"Running statement: COPY INTO DOORDASH.RAW.order_items FROM @DOORDASH.RAW.DOORDASH_RAW_STAGE/order_items/, parameters: None","logger":"airflow.task.hooks.airflow.providers.snowflake.hooks.snowflake.SnowflakeHook"}
{"timestamp":"2026-08-28T18:45:21.956857","level":"info","event":"Rows affected: 1","logger":"airflow.task.hooks.airflow.providers.snowflake.hooks.snowflake.SnowflakeHook"}
{"timestamp":"2026-08-28T18:45:21.957221","level":"info","event":"Rows affected: 1","logger":"airflow.task.hooks.airflow.providers.snowflake.hooks.snowflake.SnowflakeHook"}
{"timestamp":"2026-08-28T18:45:21.957314","level":"info","event":"Snowflake query id: 01c6b285-0307-be70-0010-2f760006138e","logger":"airflow.task.hooks.airflow.providers.snowflake.hooks.snowflake.SnowflakeHook"}
{"timestamp":"2026-08-28T18:45:21.957383","level":"info","event":"Running statement: COPY INTO DOORDASH.RAW.reviews     FROM @DOORDASH.RAW.DOORDASH_RAW_STAGE/reviews/, parameters: None","logger":"airflow.task.hooks.airflow.providers.snowflake.hooks.snowflake.SnowflakeHook"}
{"timestamp":"2026-08-28T18:45:21.957443","level":"info","event":"Running statement: COPY INTO DOORDASH.RAW.reviews     FROM @DOORDASH.RAW.DOORDASH_RAW_STAGE/reviews/, parameters: None","logger":"airflow.task.hooks.airflow.providers.snowflake.hooks.snowflake.SnowflakeHook"}
{"timestamp":"2026-08-28T18:45:22.571747","level":"info","event":"Rows affected: 1","logger":"airflow.task.hooks.airflow.providers.snowflake.hooks.snowflake.SnowflakeHook"}
{"timestamp":"2026-08-28T18:45:22.572115","level":"info","event":"Rows affected: 1","logger":"airflow.task.hooks.airflow.providers.snowflake.hooks.snowflake.SnowflakeHook"}
{"timestamp":"2026-08-28T18:45:22.572192","level":"info","event":"Snowflake query id: 01c6b285-0307-be6a-0010-2f760006d37a","logger":"airflow.task.hooks.airflow.providers.snowflake.hooks.snowflake.SnowflakeHook"}
{"timestamp":"2026-08-28T18:45:22.764758","level":"info","event":"result: [[('Statement executed successfully.',)], [('Copy executed with 0 files processed.',)], [('Copy executed with 0 files processed.',)], [('Copy executed with 0 files processed.',)], [('Copy executed with 0 files processed.',)], [('Copy executed with 0 files processed.',)], [('Copy executed with 0 files processed.',)], [('Copy executed with 0 files processed.',)]]","logger":"airflow.task.operators.airflow.providers.common.sql.operators.sql.SQLExecuteQueryOperator"}
{"timestamp":"2026-08-28T18:45:22.765517","level":"info","event":"Pushing xcom","ti":"RuntimeTaskInstance(id=UUID('01a049b0-b189-7456-bef2-e8810b8290f8'), task_id='reload_raw', dag_id='DOORDASH_batch', run_id='manual__2026-08-28T18:45:11.606066+00:00', try_number=1, map_index=-1, hostname='897e1bb77d4f', context_carrier=None, task=<Task(SQLExecuteQueryOperator): reload_raw>, bundle_instance=LocalDagBundle(name=dags-folder), max_tries=0, start_date=datetime.datetime(2026, 8, 28, 18, 45, 11, 902020, tzinfo=datetime.timezone.utc), end_date=None, state=<TaskInstanceState.RUNNING: 'running'>, is_mapped=False, rendered_map_index=None, log_url='http://localhost:8080/dags/DOORDASH_batch/runs/manual__2026-08-28T18%3A45%3A11.606066%2B00%3A00/tasks/reload_raw?try_number=1')","logger":"task"}
