{"timestamp":"2026-08-28T18:37:01.490934","level":"info","event":"DAG bundles loaded: dags-folder","logger":"airflow.dag_processing.bundles.manager.DagBundlesManager"}
{"timestamp":"2026-08-28T18:37:01.493907","level":"info","event":"Filling up the DagBag from /opt/airflow/dags/doordash_batch.py","logger":"airflow.models.dagbag.DagBag"}
{"timestamp":"2026-08-28T18:37:01.738063","level":"info","event":"Executing: ['USE WAREHOUSE DOORDASH_WH', \"COPY INTO DOORDASH.RAW.restaurants FROM @DOORDASH.RAW.DOORDASH_RAW_STAGE/restaurants/  ON_ERROR='CONTINUE'\", \"COPY INTO DOORDASH.RAW.users       FROM @DOORDASH.RAW.DOORDASH_RAW_STAGE/users/        ON_ERROR='CONTINUE'\", \"COPY INTO DOORDASH.RAW.food        FROM @DOORDASH.RAW.DOORDASH_RAW_STAGE/food/         ON_ERROR='CONTINUE'\", \"COPY INTO DOORDASH.RAW.menu        FROM @DOORDASH.RAW.DOORDASH_RAW_STAGE/menu/         ON_ERROR='CONTINUE'\", 'COPY INTO DOORDASH.RAW.orders      FROM @DOORDASH.RAW.DOORDASH_RAW_STAGE/orders/', 'COPY INTO DOORDASH.RAW.order_items FROM @DOORDASH.RAW.DOORDASH_RAW_STAGE/order_items/', 'COPY INTO DOORDASH.RAW.reviews     FROM @DOORDASH.RAW.DOORDASH_RAW_STAGE/reviews/']","logger":"airflow.task.operators.airflow.providers.common.sql.operators.sql.SQLExecuteQueryOperator"}
{"timestamp":"2026-08-28T18:37:01.751170","level":"warning","event":"empty cryptography key - values will not be stored encrypted.","logger":"airflow.models.crypto"}
{"timestamp":"2026-08-28T18:37:01.754773","level":"info","event":"Connection Retrieved 'snowflake_default'","logger":"airflow.hooks.base"}
{"timestamp":"2026-08-28T18:37:03.520382","level":"info","event":"Connection Retrieved 'snowflake_default'","logger":"airflow.hooks.base"}
{"timestamp":"2026-08-28T18:37:03.521310","level":"info","event":"Snowflake Connector for Python Version: 3.16.0, Python Version: 3.12.11, Platform: Linux-5.15.167.4-microsoft-standard-WSL2-x86_64-with-glibc2.36","logger":"snowflake.connector.connection"}
{"timestamp":"2026-08-28T18:37:03.521922","level":"info","event":"Connecting to GLOBAL Snowflake domain","logger":"snowflake.connector.connection"}
{"timestamp":"2026-08-28T18:37:05.505643","level":"info","event":"Running statement: USE WAREHOUSE DOORDASH_WH, parameters: None","logger":"airflow.task.hooks.airflow.providers.snowflake.hooks.snowflake.SnowflakeHook"}
{"timestamp":"2026-08-28T18:37:05.505916","level":"info","event":"Running statement: USE WAREHOUSE DOORDASH_WH, parameters: None","logger":"airflow.task.hooks.airflow.providers.snowflake.hooks.snowflake.SnowflakeHook"}
{"timestamp":"2026-08-28T18:37:06.075719","level":"info","event":"Rows affected: 1","logger":"airflow.task.hooks.airflow.providers.snowflake.hooks.snowflake.SnowflakeHook"}
{"timestamp":"2026-08-28T18:37:06.076881","level":"info","event":"Rows affected: 1","logger":"airflow.task.hooks.airflow.providers.snowflake.hooks.snowflake.SnowflakeHook"}
{"timestamp":"2026-08-28T18:37:06.077178","level":"info","event":"Snowflake query id: 01c6b27d-0307-be5f-0010-2f760006ca16","logger":"airflow.task.hooks.airflow.providers.snowflake.hooks.snowflake.SnowflakeHook"}
{"timestamp":"2026-08-28T18:37:06.077304","level":"info","event":"Running statement: COPY INTO DOORDASH.RAW.restaurants FROM @DOORDASH.RAW.DOORDASH_RAW_STAGE/restaurants/  ON_ERROR='CONTINUE', parameters: None","logger":"airflow.task.hooks.airflow.providers.snowflake.hooks.snowflake.SnowflakeHook"}
{"timestamp":"2026-08-28T18:37:06.077402","level":"info","event":"Running statement: COPY INTO DOORDASH.RAW.restaurants FROM @DOORDASH.RAW.DOORDASH_RAW_STAGE/restaurants/  ON_ERROR='CONTINUE', parameters: None","logger":"airflow.task.hooks.airflow.providers.snowflake.hooks.snowflake.SnowflakeHook"}
{"timestamp":"2026-08-28T18:37:07.198537","level":"info","event":"Rows affected: 1","logger":"airflow.task.hooks.airflow.providers.snowflake.hooks.snowflake.SnowflakeHook"}
{"timestamp":"2026-08-28T18:37:07.198844","level":"info","event":"Rows affected: 1","logger":"airflow.task.hooks.airflow.providers.snowflake.hooks.snowflake.SnowflakeHook"}
{"timestamp":"2026-08-28T18:37:07.198924","level":"info","event":"Snowflake query id: 01c6b27d-0307-be6c-0010-2f7600064346","logger":"airflow.task.hooks.airflow.providers.snowflake.hooks.snowflake.SnowflakeHook"}
{"timestamp":"2026-08-28T18:37:07.199019","level":"info","event":"Running statement: COPY INTO DOORDASH.RAW.users       FROM @DOORDASH.RAW.DOORDASH_RAW_STAGE/users/        ON_ERROR='CONTINUE', parameters: None","logger":"airflow.task.hooks.airflow.providers.snowflake.hooks.snowflake.SnowflakeHook"}
{"timestamp":"2026-08-28T18:37:07.199137","level":"info","event":"Running statement: COPY INTO DOORDASH.RAW.users       FROM @DOORDASH.RAW.DOORDASH_RAW_STAGE/users/        ON_ERROR='CONTINUE', parameters: None","logger":"airflow.task.hooks.airflow.providers.snowflake.hooks.snowflake.SnowflakeHook"}
{"timestamp":"2026-08-28T18:37:08.292521","level":"info","event":"Rows affected: 1","logger":"airflow.task.hooks.airflow.providers.snowflake.hooks.snowflake.SnowflakeHook"}
{"timestamp":"2026-08-28T18:37:08.292841","level":"info","event":"Rows affected: 1","logger":"airflow.task.hooks.airflow.providers.snowflake.hooks.snowflake.SnowflakeHook"}
{"timestamp":"2026-08-28T18:37:08.292919","level":"info","event":"Snowflake query id: 01c6b27d-0307-be62-0010-2f760006f3ea","logger":"airflow.task.hooks.airflow.providers.snowflake.hooks.snowflake.SnowflakeHook"}
{"timestamp":"2026-08-28T18:37:08.292974","level":"info","event":"Running statement: COPY INTO DOORDASH.RAW.food        FROM @DOORDASH.RAW.DOORDASH_RAW_STAGE/food/         ON_ERROR='CONTINUE', parameters: None","logger":"airflow.task.hooks.airflow.providers.snowflake.hooks.snowflake.SnowflakeHook"}
{"timestamp":"2026-08-28T18:37:08.293022","level":"info","event":"Running statement: COPY INTO DOORDASH.RAW.food        FROM @DOORDASH.RAW.DOORDASH_RAW_STAGE/food/         ON_ERROR='CONTINUE', parameters: None","logger":"airflow.task.hooks.airflow.providers.snowflake.hooks.snowflake.SnowflakeHook"}
{"timestamp":"2026-08-28T18:37:09.124855","level":"info","event":"Rows affected: 1","logger":"airflow.task.hooks.airflow.providers.snowflake.hooks.snowflake.SnowflakeHook"}
{"timestamp":"2026-08-28T18:37:09.125302","level":"info","event":"Rows affected: 1","logger":"airflow.task.hooks.airflow.providers.snowflake.hooks.snowflake.SnowflakeHook"}
{"timestamp":"2026-08-28T18:37:09.125388","level":"info","event":"Snowflake query id: 01c6b27d-0307-be67-0010-2f7600065392","logger":"airflow.task.hooks.airflow.providers.snowflake.hooks.snowflake.SnowflakeHook"}
{"timestamp":"2026-08-28T18:37:09.125454","level":"info","event":"Running statement: COPY INTO DOORDASH.RAW.menu        FROM @DOORDASH.RAW.DOORDASH_RAW_STAGE/menu/         ON_ERROR='CONTINUE', parameters: None","logger":"airflow.task.hooks.airflow.providers.snowflake.hooks.snowflake.SnowflakeHook"}
{"timestamp":"2026-08-28T18:37:09.125505","level":"info","event":"Running statement: COPY INTO DOORDASH.RAW.menu        FROM @DOORDASH.RAW.DOORDASH_RAW_STAGE/menu/         ON_ERROR='CONTINUE', parameters: None","logger":"airflow.task.hooks.airflow.providers.snowflake.hooks.snowflake.SnowflakeHook"}
{"timestamp":"2026-08-28T18:37:09.827309","level":"info","event":"Rows affected: 1","logger":"airflow.task.hooks.airflow.providers.snowflake.hooks.snowflake.SnowflakeHook"}
{"timestamp":"2026-08-28T18:37:09.827711","level":"info","event":"Rows affected: 1","logger":"airflow.task.hooks.airflow.providers.snowflake.hooks.snowflake.SnowflakeHook"}
{"timestamp":"2026-08-28T18:37:09.827788","level":"info","event":"Snowflake query id: 01c6b27d-0307-be5f-0010-2f760006ca1a","logger":"airflow.task.hooks.airflow.providers.snowflake.hooks.snowflake.SnowflakeHook"}
{"timestamp":"2026-08-28T18:37:09.827847","level":"info","event":"Running statement: COPY INTO DOORDASH.RAW.orders      FROM @DOORDASH.RAW.DOORDASH_RAW_STAGE/orders/, parameters: None","logger":"airflow.task.hooks.airflow.providers.snowflake.hooks.snowflake.SnowflakeHook"}
{"timestamp":"2026-08-28T18:37:09.827898","level":"info","event":"Running statement: COPY INTO DOORDASH.RAW.orders      FROM @DOORDASH.RAW.DOORDASH_RAW_STAGE/orders/, parameters: None","logger":"airflow.task.hooks.airflow.providers.snowflake.hooks.snowflake.SnowflakeHook"}
{"timestamp":"2026-08-28T18:37:10.646588","level":"info","event":"Rows affected: 1","logger":"airflow.task.hooks.airflow.providers.snowflake.hooks.snowflake.SnowflakeHook"}
{"timestamp":"2026-08-28T18:37:10.646950","level":"info","event":"Rows affected: 1","logger":"airflow.task.hooks.airflow.providers.snowflake.hooks.snowflake.SnowflakeHook"}
{"timestamp":"2026-08-28T18:37:10.647032","level":"info","event":"Snowflake query id: 01c6b27d-0307-bec5-0010-2f76000693de","logger":"airflow.task.hooks.airflow.providers.snowflake.hooks.snowflake.SnowflakeHook"}
{"timestamp":"2026-08-28T18:37:10.647095","level":"info","event":"Running statement: COPY INTO DOORDASH.RAW.order_items FROM @DOORDASH.RAW.DOORDASH_RAW_STAGE/order_items/, parameters: None","logger":"airflow.task.hooks.airflow.providers.snowflake.hooks.snowflake.SnowflakeHook"}
{"timestamp":"2026-08-28T18:37:10.647142","level":"info","event":"Running statement: COPY INTO DOORDASH.RAW.order_items FROM @DOORDASH.RAW.DOORDASH_RAW_STAGE/order_items/, parameters: None","logger":"airflow.task.hooks.airflow.providers.snowflake.hooks.snowflake.SnowflakeHook"}
{"timestamp":"2026-08-28T18:37:11.568607","level":"info","event":"Rows affected: 1","logger":"airflow.task.hooks.airflow.providers.snowflake.hooks.snowflake.SnowflakeHook"}
{"timestamp":"2026-08-28T18:37:11.569029","level":"info","event":"Rows affected: 1","logger":"airflow.task.hooks.airflow.providers.snowflake.hooks.snowflake.SnowflakeHook"}
{"timestamp":"2026-08-28T18:37:11.569151","level":"info","event":"Snowflake query id: 01c6b27d-0307-be5d-0010-2f760006e37e","logger":"airflow.task.hooks.airflow.providers.snowflake.hooks.snowflake.SnowflakeHook"}
{"timestamp":"2026-08-28T18:37:11.569243","level":"info","event":"Running statement: COPY INTO DOORDASH.RAW.reviews     FROM @DOORDASH.RAW.DOORDASH_RAW_STAGE/reviews/, parameters: None","logger":"airflow.task.hooks.airflow.providers.snowflake.hooks.snowflake.SnowflakeHook"}
{"timestamp":"2026-08-28T18:37:11.569369","level":"info","event":"Running statement: COPY INTO DOORDASH.RAW.reviews     FROM @DOORDASH.RAW.DOORDASH_RAW_STAGE/reviews/, parameters: None","logger":"airflow.task.hooks.airflow.providers.snowflake.hooks.snowflake.SnowflakeHook"}
{"timestamp":"2026-08-28T18:37:12.081075","level":"info","event":"Rows affected: 1","logger":"airflow.task.hooks.airflow.providers.snowflake.hooks.snowflake.SnowflakeHook"}
{"timestamp":"2026-08-28T18:37:12.081454","level":"info","event":"Rows affected: 1","logger":"airflow.task.hooks.airflow.providers.snowflake.hooks.snowflake.SnowflakeHook"}
{"timestamp":"2026-08-28T18:37:12.081537","level":"info","event":"Snowflake query id: 01c6b27d-0307-be5f-0010-2f760006ca1e","logger":"airflow.task.hooks.airflow.providers.snowflake.hooks.snowflake.SnowflakeHook"}
{"timestamp":"2026-08-28T18:37:12.286770","level":"info","event":"result: [[('Statement executed successfully.',)], [('Copy executed with 0 files processed.',)], [('Copy executed with 0 files processed.',)], [('Copy executed with 0 files processed.',)], [('Copy executed with 0 files processed.',)], [('Copy executed with 0 files processed.',)], [('Copy executed with 0 files processed.',)], [('Copy executed with 0 files processed.',)]]","logger":"airflow.task.operators.airflow.providers.common.sql.operators.sql.SQLExecuteQueryOperator"}
{"timestamp":"2026-08-28T18:37:12.287984","level":"info","event":"Pushing xcom","ti":"RuntimeTaskInstance(id=UUID('01a049a9-30b8-7fd8-87a3-f1897b45e67f'), task_id='reload_raw', dag_id='DOORDASH_batch', run_id='manual__2026-08-28T18:36:59.881803+00:00', try_number=1, map_index=-1, hostname='897e1bb77d4f', context_carrier=None, task=<Task(SQLExecuteQueryOperator): reload_raw>, bundle_instance=LocalDagBundle(name=dags-folder), max_tries=0, start_date=datetime.datetime(2026, 8, 28, 18, 37, 1, 22196, tzinfo=datetime.timezone.utc), end_date=None, state=<TaskInstanceState.RUNNING: 'running'>, is_mapped=False, rendered_map_index=None, log_url='http://localhost:8080/dags/DOORDASH_batch/runs/manual__2026-08-28T18%3A36%3A59.881803%2B00%3A00/tasks/reload_raw?try_number=1')","logger":"task"}
